******************************************************************************
                  TI ARM Linker PC v20.2.2                     
******************************************************************************
>> Linked Tue Feb 16 21:34:20 2021

OUTPUT FILE NAME:   <Patel_Lap_3_P5.out>
ENTRY POINT SYMBOL: "_c_int00_noargs"  address: 00000891


MEMORY CONFIGURATION

         name            origin    length      used     unused   attr    fill
----------------------  --------  ---------  --------  --------  ----  --------
  FLASH                 00000000   00040000  000009b8  0003f648  R  X
  SRAM                  20000000   00008000  0000027c  00007d84  RW X


SEGMENT ALLOCATION MAP

run origin  load origin   length   init length attrs members
----------  ----------- ---------- ----------- ----- -------
00000000    00000000    000009b8   000009b8    r-x
  00000000    00000000    0000026c   0000026c    r-- .intvecs
  0000026c    0000026c    00000704   00000704    r-x .text
  00000970    00000970    00000048   00000048    r-- .cinit
20000000    20000000    0000027c   00000000    rw-
  20000000    20000000    00000200   00000000    rw- .stack
  20000200    20000200    00000054   00000000    rw- .data
  20000254    20000254    00000028   00000000    rw- .bss


SECTION ALLOCATION MAP

 output                                  attributes/
section   page    origin      length       input sections
--------  ----  ----------  ----------   ----------------
.intvecs   0    00000000    0000026c     
                  00000000    0000026c     tm4c123gh6pm_startup_ccs.obj (.intvecs)

.text      0    0000026c    00000704     
                  0000026c    00000248     main.obj (.text)
                  000004b4    0000016c     driverlib.lib : gpio.obj (.text:GPIOPadConfigSet)
                  00000620    000000f4                   : sysctl.obj (.text:SysCtlClockSet)
                  00000714    0000009c     rtsv7M4_T_le_v4SPD16_eabi.lib : memcpy_t2.asm.obj (.text)
                  000007b0    00000068                                   : copy_decompress_lzss.c.obj (.text:decompress:lzss:__TI_decompress_lzss)
                  00000818    00000044                                   : autoinit.c.obj (.text:__TI_auto_init_nobinit_nopinit:__TI_auto_init_nobinit_nopinit)
                  0000085c    00000034     driverlib.lib : sysctl.obj (.text:SysCtlPeripheralEnable)
                  00000890    00000034     rtsv7M4_T_le_v4SPD16_eabi.lib : boot_cortex_m.c.obj (.text:_c_int00_noargs:_c_int00_noargs)
                  000008c4    0000002c     driverlib.lib : gpio.obj (.text:GPIODirModeSet)
                  000008f0    0000001c     rtsv7M4_T_le_v4SPD16_eabi.lib : copy_zero_init.c.obj (.text:decompress:ZI:__TI_zero_init_nomemset:__TI_zero_init_nomemset)
                  0000090c    0000001a     driverlib.lib : gpio.obj (.text:GPIOPinTypeGPIOOutput)
                  00000926    00000016                   : gpio.obj (.text:GPIOPinTypeGPIOInput)
                  0000093c    0000000e     rtsv7M4_T_le_v4SPD16_eabi.lib : copy_decompress_none.c.obj (.text:decompress:none:__TI_decompress_none)
                  0000094a    0000000c     tm4c123gh6pm_startup_ccs.obj (.text)
                  00000956    00000006     driverlib.lib : gpio.obj (.text:GPIOPinRead)
                  0000095c    00000006                   : gpio.obj (.text:GPIOPinWrite)
                  00000962    00000006                   : sysctl.obj (.text:SysCtlDelay)
                  00000968    00000004     rtsv7M4_T_le_v4SPD16_eabi.lib : pre_init.c.obj (.text:_system_pre_init)
                  0000096c    00000004                                   : exit.c.obj (.text:abort:abort)

.cinit     0    00000970    00000048     
                  00000970    0000001f     (.cinit..data.load) [load image, compression = lzss]
                  0000098f    00000001     --HOLE-- [fill = 0]
                  00000990    0000000c     (__TI_handler_table)
                  0000099c    00000004     --HOLE-- [fill = 0]
                  000009a0    00000008     (.cinit..bss.load) [load image, compression = zero_init]
                  000009a8    00000010     (__TI_cinit_table)

.init_array 
*          0    00000000    00000000     UNINITIALIZED

.data      0    20000200    00000054     UNINITIALIZED
                  20000200    00000028     main.obj (.data:oper_1)
                  20000228    00000028     main.obj (.data:oper_2)
                  20000250    00000004     main.obj (.data)

.bss       0    20000254    00000028     UNINITIALIZED
                  20000254    00000028     (.common:result)

.stack     0    20000000    00000200     UNINITIALIZED
                  20000000    00000004     rtsv7M4_T_le_v4SPD16_eabi.lib : boot_cortex_m.c.obj (.stack)
                  20000004    000001fc     --HOLE--

__llvm_prf_cnts 
*          0    20000000    00000000     UNINITIALIZED

MODULE SUMMARY

       Module                         code   ro data   rw data
       ------                         ----   -------   -------
    .\
       main.obj                       584    0         124    
       tm4c123gh6pm_startup_ccs.obj   12     620       0      
    +--+------------------------------+------+---------+---------+
       Total:                         596    620       124    
                                                              
    C:/ti/TivaWare_C_Series-2.2.0.295/driverlib/ccs/Debug/driverlib.lib
       gpio.obj                       468    0         0      
       sysctl.obj                     302    0         0      
    +--+------------------------------+------+---------+---------+
       Total:                         770    0         0      
                                                              
    C:\ti\ccs1020\ccs\tools\compiler\ti-cgt-arm_20.2.2.LTS\lib\rtsv7M4_T_le_v4SPD16_eabi.lib
       memcpy_t2.asm.obj              156    0         0      
       copy_decompress_lzss.c.obj     104    0         0      
       autoinit.c.obj                 68     0         0      
       boot_cortex_m.c.obj            52     0         0      
       copy_zero_init.c.obj           28     0         0      
       copy_decompress_none.c.obj     14     0         0      
       exit.c.obj                     4      0         0      
       pre_init.c.obj                 4      0         0      
    +--+------------------------------+------+---------+---------+
       Total:                         430    0         0      
                                                              
       Stack:                         0      0         512    
       Linker Generated:              0      67        0      
    +--+------------------------------+------+---------+---------+
       Grand Total:                   1796   687       636    


LINKER GENERATED COPY TABLES

__TI_cinit_table @ 000009a8 records: 2, size/record: 8, table size: 16
	.data: load addr=00000970, load size=0000001f bytes, run addr=20000200, run size=00000054 bytes, compression=lzss
	.bss: load addr=000009a0, load size=00000008 bytes, run addr=20000254, run size=00000028 bytes, compression=zero_init


LINKER GENERATED HANDLER TABLE

__TI_handler_table @ 00000990 records: 3, size/record: 4, table size: 12
	index: 0, handler: __TI_decompress_lzss
	index: 1, handler: __TI_decompress_none
	index: 2, handler: __TI_zero_init


GLOBAL SYMBOLS: SORTED ALPHABETICALLY BY Name 

address   name                          
-------   ----                          
0000096d  C$$EXIT                       
000008c5  GPIODirModeSet                
000004b5  GPIOPadConfigSet              
00000957  GPIOPinRead                   
00000927  GPIOPinTypeGPIOInput          
0000090d  GPIOPinTypeGPIOOutput         
0000095d  GPIOPinWrite                  
0000094b  ResetISR                      
00000621  SysCtlClockSet                
00000963  SysCtlDelay                   
0000085d  SysCtlPeripheralEnable        
20000200  __STACK_END                   
00000200  __STACK_SIZE                  
20000200  __STACK_TOP                   
000009a8  __TI_CINIT_Base               
000009b8  __TI_CINIT_Limit              
00000990  __TI_Handler_Table_Base       
0000099c  __TI_Handler_Table_Limit      
00000819  __TI_auto_init_nobinit_nopinit
000007b1  __TI_decompress_lzss          
0000093d  __TI_decompress_none          
ffffffff  __TI_pprof_out_hndl           
ffffffff  __TI_prof_data_size           
ffffffff  __TI_prof_data_start          
00000000  __TI_static_base__            
000008f1  __TI_zero_init_nomemset       
00000715  __aeabi_memcpy                
00000715  __aeabi_memcpy4               
00000715  __aeabi_memcpy8               
ffffffff  __binit__                     
ffffffff  __c_args__                    
UNDEFED   __mpu_init                    
20000000  __stack                       
20000000  __start___llvm_prf_cnts       
20000000  __stop___llvm_prf_cnts        
00000891  _c_int00_noargs               
UNDEFED   _system_post_cinit            
00000969  _system_pre_init              
0000096d  abort                         
ffffffff  binit                         
20000250  count                         
00000000  g_pfnVectors                  
0000026d  main                          
00000715  memcpy                        
20000200  oper_1                        
20000228  oper_2                        
20000254  result                        


GLOBAL SYMBOLS: SORTED BY Symbol Address 

address   name                          
-------   ----                          
00000000  __TI_static_base__            
00000000  g_pfnVectors                  
00000200  __STACK_SIZE                  
0000026d  main                          
000004b5  GPIOPadConfigSet              
00000621  SysCtlClockSet                
00000715  __aeabi_memcpy                
00000715  __aeabi_memcpy4               
00000715  __aeabi_memcpy8               
00000715  memcpy                        
000007b1  __TI_decompress_lzss          
00000819  __TI_auto_init_nobinit_nopinit
0000085d  SysCtlPeripheralEnable        
00000891  _c_int00_noargs               
000008c5  GPIODirModeSet                
000008f1  __TI_zero_init_nomemset       
0000090d  GPIOPinTypeGPIOOutput         
00000927  GPIOPinTypeGPIOInput          
0000093d  __TI_decompress_none          
0000094b  ResetISR                      
00000957  GPIOPinRead                   
0000095d  GPIOPinWrite                  
00000963  SysCtlDelay                   
00000969  _system_pre_init              
0000096d  C$$EXIT                       
0000096d  abort                         
00000990  __TI_Handler_Table_Base       
0000099c  __TI_Handler_Table_Limit      
000009a8  __TI_CINIT_Base               
000009b8  __TI_CINIT_Limit              
20000000  __stack                       
20000000  __start___llvm_prf_cnts       
20000000  __stop___llvm_prf_cnts        
20000200  __STACK_END                   
20000200  __STACK_TOP                   
20000200  oper_1                        
20000228  oper_2                        
20000250  count                         
20000254  result                        
ffffffff  __TI_pprof_out_hndl           
ffffffff  __TI_prof_data_size           
ffffffff  __TI_prof_data_start          
ffffffff  __binit__                     
ffffffff  __c_args__                    
ffffffff  binit                         
UNDEFED   __mpu_init                    
UNDEFED   _system_post_cinit            

[47 symbols]
