******************************************************************************
                  TI ARM Linker PC v20.2.2                     
******************************************************************************
>> Linked Tue Feb 16 19:37:35 2021

OUTPUT FILE NAME:   <Patel_Lap_3_P4.out>
ENTRY POINT SYMBOL: "_c_int00_noargs"  address: 00000731


MEMORY CONFIGURATION

         name            origin    length      used     unused   attr    fill
----------------------  --------  ---------  --------  --------  ----  --------
  FLASH                 00000000   00040000  000007ec  0003f814  R  X
  SRAM                  20000000   00008000  00000204  00007dfc  RW X


SEGMENT ALLOCATION MAP

run origin  load origin   length   init length attrs members
----------  ----------- ---------- ----------- ----- -------
00000000    00000000    000007f0   000007f0    r-x
  00000000    00000000    0000026c   0000026c    r-- .intvecs
  0000026c    0000026c    00000568   00000568    r-x .text
  000007d8    000007d8    00000018   00000018    r-- .cinit
20000000    20000000    00000204   00000000    rw-
  20000000    20000000    00000200   00000000    rw- .stack
  20000200    20000200    00000004   00000000    rw- .data


SECTION ALLOCATION MAP

 output                                  attributes/
section   page    origin      length       input sections
--------  ----  ----------  ----------   ----------------
.intvecs   0    00000000    0000026c     
                  00000000    0000026c     tm4c123gh6pm_startup_ccs.obj (.intvecs)

.text      0    0000026c    00000568     
                  0000026c    0000016c     driverlib.lib : gpio.obj (.text:GPIOPadConfigSet)
                  000003d8    000000f4                   : sysctl.obj (.text:SysCtlClockSet)
                  000004cc    000000e8     main.obj (.text)
                  000005b4    0000009c     rtsv7M4_T_le_v4SPD16_eabi.lib : memcpy_t2.asm.obj (.text)
                  00000650    00000068                                   : copy_decompress_lzss.c.obj (.text:decompress:lzss:__TI_decompress_lzss)
                  000006b8    00000044                                   : autoinit.c.obj (.text:__TI_auto_init_nobinit_nopinit:__TI_auto_init_nobinit_nopinit)
                  000006fc    00000034     driverlib.lib : sysctl.obj (.text:SysCtlPeripheralEnable)
                  00000730    00000034     rtsv7M4_T_le_v4SPD16_eabi.lib : boot_cortex_m.c.obj (.text:_c_int00_noargs:_c_int00_noargs)
                  00000764    0000002c     driverlib.lib : gpio.obj (.text:GPIODirModeSet)
                  00000790    00000016                   : gpio.obj (.text:GPIOPinTypeGPIOInput)
                  000007a6    0000000e     rtsv7M4_T_le_v4SPD16_eabi.lib : copy_decompress_none.c.obj (.text:decompress:none:__TI_decompress_none)
                  000007b4    0000000c     tm4c123gh6pm_startup_ccs.obj (.text)
                  000007c0    00000006     driverlib.lib : gpio.obj (.text:GPIOPinRead)
                  000007c6    00000006                   : sysctl.obj (.text:SysCtlDelay)
                  000007cc    00000004     rtsv7M4_T_le_v4SPD16_eabi.lib : pre_init.c.obj (.text:_system_pre_init)
                  000007d0    00000004                                   : exit.c.obj (.text:abort:abort)

.cinit     0    000007d8    00000018     
                  000007d8    00000008     (__TI_handler_table)
                  000007e0    00000007     (.cinit..data.load) [load image, compression = lzss]
                  000007e7    00000001     --HOLE-- [fill = 0]
                  000007e8    00000008     (__TI_cinit_table)

.init_array 
*          0    00000000    00000000     UNINITIALIZED

.data      0    20000200    00000004     UNINITIALIZED
                  20000200    00000004     main.obj (.data)

.stack     0    20000000    00000200     UNINITIALIZED
                  20000000    00000004     rtsv7M4_T_le_v4SPD16_eabi.lib : boot_cortex_m.c.obj (.stack)
                  20000004    000001fc     --HOLE--

__llvm_prf_cnts 
*          0    20000000    00000000     UNINITIALIZED

MODULE SUMMARY

       Module                         code   ro data   rw data
       ------                         ----   -------   -------
    .\
       tm4c123gh6pm_startup_ccs.obj   12     620       0      
       main.obj                       232    0         4      
    +--+------------------------------+------+---------+---------+
       Total:                         244    620       4      
                                                              
    C:/ti/TivaWare_C_Series-2.2.0.295/driverlib/ccs/Debug/driverlib.lib
       gpio.obj                       436    0         0      
       sysctl.obj                     302    0         0      
    +--+------------------------------+------+---------+---------+
       Total:                         738    0         0      
                                                              
    C:\ti\ccs1020\ccs\tools\compiler\ti-cgt-arm_20.2.2.LTS\lib\rtsv7M4_T_le_v4SPD16_eabi.lib
       memcpy_t2.asm.obj              156    0         0      
       copy_decompress_lzss.c.obj     104    0         0      
       autoinit.c.obj                 68     0         0      
       boot_cortex_m.c.obj            52     0         0      
       copy_decompress_none.c.obj     14     0         0      
       exit.c.obj                     4      0         0      
       pre_init.c.obj                 4      0         0      
    +--+------------------------------+------+---------+---------+
       Total:                         402    0         0      
                                                              
       Stack:                         0      0         512    
       Linker Generated:              0      23        0      
    +--+------------------------------+------+---------+---------+
       Grand Total:                   1384   643       516    


LINKER GENERATED COPY TABLES

__TI_cinit_table @ 000007e8 records: 1, size/record: 8, table size: 8
	.data: load addr=000007e0, load size=00000007 bytes, run addr=20000200, run size=00000004 bytes, compression=lzss


LINKER GENERATED HANDLER TABLE

__TI_handler_table @ 000007d8 records: 2, size/record: 4, table size: 8
	index: 0, handler: __TI_decompress_lzss
	index: 1, handler: __TI_decompress_none


GLOBAL SYMBOLS: SORTED ALPHABETICALLY BY Name 

address   name                          
-------   ----                          
000007d1  C$$EXIT                       
00000765  GPIODirModeSet                
0000026d  GPIOPadConfigSet              
000007c1  GPIOPinRead                   
00000791  GPIOPinTypeGPIOInput          
000007b5  ResetISR                      
000003d9  SysCtlClockSet                
000007c7  SysCtlDelay                   
000006fd  SysCtlPeripheralEnable        
20000200  __STACK_END                   
00000200  __STACK_SIZE                  
20000200  __STACK_TOP                   
000007e8  __TI_CINIT_Base               
000007f0  __TI_CINIT_Limit              
000007d8  __TI_Handler_Table_Base       
000007e0  __TI_Handler_Table_Limit      
000006b9  __TI_auto_init_nobinit_nopinit
00000651  __TI_decompress_lzss          
000007a7  __TI_decompress_none          
ffffffff  __TI_pprof_out_hndl           
ffffffff  __TI_prof_data_size           
ffffffff  __TI_prof_data_start          
00000000  __TI_static_base__            
000005b5  __aeabi_memcpy                
000005b5  __aeabi_memcpy4               
000005b5  __aeabi_memcpy8               
ffffffff  __binit__                     
ffffffff  __c_args__                    
UNDEFED   __mpu_init                    
20000000  __stack                       
20000000  __start___llvm_prf_cnts       
20000000  __stop___llvm_prf_cnts        
00000731  _c_int00_noargs               
UNDEFED   _system_post_cinit            
000007cd  _system_pre_init              
000007d1  abort                         
ffffffff  binit                         
20000200  counter                       
00000000  g_pfnVectors                  
000004cd  main                          
000005b5  memcpy                        


GLOBAL SYMBOLS: SORTED BY Symbol Address 

address   name                          
-------   ----                          
00000000  __TI_static_base__            
00000000  g_pfnVectors                  
00000200  __STACK_SIZE                  
0000026d  GPIOPadConfigSet              
000003d9  SysCtlClockSet                
000004cd  main                          
000005b5  __aeabi_memcpy                
000005b5  __aeabi_memcpy4               
000005b5  __aeabi_memcpy8               
000005b5  memcpy                        
00000651  __TI_decompress_lzss          
000006b9  __TI_auto_init_nobinit_nopinit
000006fd  SysCtlPeripheralEnable        
00000731  _c_int00_noargs               
00000765  GPIODirModeSet                
00000791  GPIOPinTypeGPIOInput          
000007a7  __TI_decompress_none          
000007b5  ResetISR                      
000007c1  GPIOPinRead                   
000007c7  SysCtlDelay                   
000007cd  _system_pre_init              
000007d1  C$$EXIT                       
000007d1  abort                         
000007d8  __TI_Handler_Table_Base       
000007e0  __TI_Handler_Table_Limit      
000007e8  __TI_CINIT_Base               
000007f0  __TI_CINIT_Limit              
20000000  __stack                       
20000000  __start___llvm_prf_cnts       
20000000  __stop___llvm_prf_cnts        
20000200  __STACK_END                   
20000200  __STACK_TOP                   
20000200  counter                       
ffffffff  __TI_pprof_out_hndl           
ffffffff  __TI_prof_data_size           
ffffffff  __TI_prof_data_start          
ffffffff  __binit__                     
ffffffff  __c_args__                    
ffffffff  binit                         
UNDEFED   __mpu_init                    
UNDEFED   _system_post_cinit            

[41 symbols]
