******************************************************************************
                  TI ARM Linker PC v20.2.2                     
******************************************************************************
>> Linked Tue Feb 16 21:17:53 2021

OUTPUT FILE NAME:   <Patel_Lab_3_P2.out>
ENTRY POINT SYMBOL: "_c_int00_noargs"  address: 00000701


MEMORY CONFIGURATION

         name            origin    length      used     unused   attr    fill
----------------------  --------  ---------  --------  --------  ----  --------
  FLASH                 00000000   00040000  000007d4  0003f82c  R  X
  SRAM                  20000000   00008000  0000022c  00007dd4  RW X


SEGMENT ALLOCATION MAP

run origin  load origin   length   init length attrs members
----------  ----------- ---------- ----------- ----- -------
00000000    00000000    000007d4   000007d4    r-x
  00000000    00000000    0000026c   0000026c    r-- .intvecs
  0000026c    0000026c    0000053c   0000053c    r-x .text
  000007a8    000007a8    0000002c   0000002c    r-- .cinit
20000000    20000000    0000022c   00000000    rw-
  20000000    20000000    00000200   00000000    rw- .stack
  20000200    20000200    0000002c   00000000    rw- .data


SECTION ALLOCATION MAP

 output                                  attributes/
section   page    origin      length       input sections
--------  ----  ----------  ----------   ----------------
.intvecs   0    00000000    0000026c     
                  00000000    0000026c     tm4c123gh6pm_startup_ccs.obj (.intvecs)

.text      0    0000026c    0000053c     
                  0000026c    0000016c     driverlib.lib : gpio.obj (.text:GPIOPadConfigSet)
                  000003d8    000000f4                   : sysctl.obj (.text:SysCtlClockSet)
                  000004cc    000000b8     main.obj (.text)
                  00000584    0000009c     rtsv7M4_T_le_v4SPD16_eabi.lib : memcpy_t2.asm.obj (.text)
                  00000620    00000068                                   : copy_decompress_lzss.c.obj (.text:decompress:lzss:__TI_decompress_lzss)
                  00000688    00000044                                   : autoinit.c.obj (.text:__TI_auto_init_nobinit_nopinit:__TI_auto_init_nobinit_nopinit)
                  000006cc    00000034     driverlib.lib : sysctl.obj (.text:SysCtlPeripheralEnable)
                  00000700    00000034     rtsv7M4_T_le_v4SPD16_eabi.lib : boot_cortex_m.c.obj (.text:_c_int00_noargs:_c_int00_noargs)
                  00000734    0000002c     driverlib.lib : gpio.obj (.text:GPIODirModeSet)
                  00000760    0000001a                   : gpio.obj (.text:GPIOPinTypeGPIOOutput)
                  0000077a    0000000e     rtsv7M4_T_le_v4SPD16_eabi.lib : copy_decompress_none.c.obj (.text:decompress:none:__TI_decompress_none)
                  00000788    0000000c     tm4c123gh6pm_startup_ccs.obj (.text)
                  00000794    00000006     driverlib.lib : gpio.obj (.text:GPIOPinWrite)
                  0000079a    00000006                   : sysctl.obj (.text:SysCtlDelay)
                  000007a0    00000004     rtsv7M4_T_le_v4SPD16_eabi.lib : pre_init.c.obj (.text:_system_pre_init)
                  000007a4    00000004                                   : exit.c.obj (.text:abort:abort)

.cinit     0    000007a8    0000002c     
                  000007a8    0000001b     (.cinit..data.load) [load image, compression = lzss]
                  000007c3    00000001     --HOLE-- [fill = 0]
                  000007c4    00000008     (__TI_handler_table)
                  000007cc    00000008     (__TI_cinit_table)

.init_array 
*          0    00000000    00000000     UNINITIALIZED

.data      0    20000200    0000002c     UNINITIALIZED
                  20000200    00000021     main.obj (.data:msg)
                  20000221    00000003     --HOLE--
                  20000224    00000008     main.obj (.data)

.stack     0    20000000    00000200     UNINITIALIZED
                  20000000    00000004     rtsv7M4_T_le_v4SPD16_eabi.lib : boot_cortex_m.c.obj (.stack)
                  20000004    000001fc     --HOLE--

__llvm_prf_cnts 
*          0    20000000    00000000     UNINITIALIZED

MODULE SUMMARY

       Module                         code   ro data   rw data
       ------                         ----   -------   -------
    .\
       tm4c123gh6pm_startup_ccs.obj   12     620       0      
       main.obj                       184    0         41     
    +--+------------------------------+------+---------+---------+
       Total:                         196    620       41     
                                                              
    C:/ti/TivaWare_C_Series-2.2.0.295/driverlib/ccs/Debug/driverlib.lib
       gpio.obj                       440    0         0      
       sysctl.obj                     302    0         0      
    +--+------------------------------+------+---------+---------+
       Total:                         742    0         0      
                                                              
    C:\ti\ccs1020\ccs\tools\compiler\ti-cgt-arm_20.2.2.LTS\lib\rtsv7M4_T_le_v4SPD16_eabi.lib
       memcpy_t2.asm.obj              156    0         0      
       copy_decompress_lzss.c.obj     104    0         0      
       autoinit.c.obj                 68     0         0      
       boot_cortex_m.c.obj            52     0         0      
       copy_decompress_none.c.obj     14     0         0      
       exit.c.obj                     4      0         0      
       pre_init.c.obj                 4      0         0      
    +--+------------------------------+------+---------+---------+
       Total:                         402    0         0      
                                                              
       Stack:                         0      0         512    
       Linker Generated:              0      43        0      
    +--+------------------------------+------+---------+---------+
       Grand Total:                   1340   663       553    


LINKER GENERATED COPY TABLES

__TI_cinit_table @ 000007cc records: 1, size/record: 8, table size: 8
	.data: load addr=000007a8, load size=0000001b bytes, run addr=20000200, run size=0000002c bytes, compression=lzss


LINKER GENERATED HANDLER TABLE

__TI_handler_table @ 000007c4 records: 2, size/record: 4, table size: 8
	index: 0, handler: __TI_decompress_lzss
	index: 1, handler: __TI_decompress_none


GLOBAL SYMBOLS: SORTED ALPHABETICALLY BY Name 

address   name                          
-------   ----                          
000007a5  C$$EXIT                       
00000735  GPIODirModeSet                
0000026d  GPIOPadConfigSet              
00000761  GPIOPinTypeGPIOOutput         
00000795  GPIOPinWrite                  
00000789  ResetISR                      
000003d9  SysCtlClockSet                
0000079b  SysCtlDelay                   
000006cd  SysCtlPeripheralEnable        
20000200  __STACK_END                   
00000200  __STACK_SIZE                  
20000200  __STACK_TOP                   
000007cc  __TI_CINIT_Base               
000007d4  __TI_CINIT_Limit              
000007c4  __TI_Handler_Table_Base       
000007cc  __TI_Handler_Table_Limit      
00000689  __TI_auto_init_nobinit_nopinit
00000621  __TI_decompress_lzss          
0000077b  __TI_decompress_none          
ffffffff  __TI_pprof_out_hndl           
ffffffff  __TI_prof_data_size           
ffffffff  __TI_prof_data_start          
00000000  __TI_static_base__            
00000585  __aeabi_memcpy                
00000585  __aeabi_memcpy4               
00000585  __aeabi_memcpy8               
ffffffff  __binit__                     
ffffffff  __c_args__                    
UNDEFED   __mpu_init                    
20000000  __stack                       
20000000  __start___llvm_prf_cnts       
20000000  __stop___llvm_prf_cnts        
00000701  _c_int00_noargs               
UNDEFED   _system_post_cinit            
000007a1  _system_pre_init              
000007a5  abort                         
ffffffff  binit                         
20000228  count                         
00000000  g_pfnVectors                  
20000224  i                             
000004cd  main                          
00000585  memcpy                        
20000200  msg                           


GLOBAL SYMBOLS: SORTED BY Symbol Address 

address   name                          
-------   ----                          
00000000  __TI_static_base__            
00000000  g_pfnVectors                  
00000200  __STACK_SIZE                  
0000026d  GPIOPadConfigSet              
000003d9  SysCtlClockSet                
000004cd  main                          
00000585  __aeabi_memcpy                
00000585  __aeabi_memcpy4               
00000585  __aeabi_memcpy8               
00000585  memcpy                        
00000621  __TI_decompress_lzss          
00000689  __TI_auto_init_nobinit_nopinit
000006cd  SysCtlPeripheralEnable        
00000701  _c_int00_noargs               
00000735  GPIODirModeSet                
00000761  GPIOPinTypeGPIOOutput         
0000077b  __TI_decompress_none          
00000789  ResetISR                      
00000795  GPIOPinWrite                  
0000079b  SysCtlDelay                   
000007a1  _system_pre_init              
000007a5  C$$EXIT                       
000007a5  abort                         
000007c4  __TI_Handler_Table_Base       
000007cc  __TI_CINIT_Base               
000007cc  __TI_Handler_Table_Limit      
000007d4  __TI_CINIT_Limit              
20000000  __stack                       
20000000  __start___llvm_prf_cnts       
20000000  __stop___llvm_prf_cnts        
20000200  __STACK_END                   
20000200  __STACK_TOP                   
20000200  msg                           
20000224  i                             
20000228  count                         
ffffffff  __TI_pprof_out_hndl           
ffffffff  __TI_prof_data_size           
ffffffff  __TI_prof_data_start          
ffffffff  __binit__                     
ffffffff  __c_args__                    
ffffffff  binit                         
UNDEFED   __mpu_init                    
UNDEFED   _system_post_cinit            

[43 symbols]
