******************************************************************************
                  TI ARM Linker PC v20.2.2                     
******************************************************************************
>> Linked Sat Jan 30 13:54:37 2021

OUTPUT FILE NAME:   <Patel_Lab_1_P4.out>
ENTRY POINT SYMBOL: "_c_int00_noargs"  address: 00000461


MEMORY CONFIGURATION

         name            origin    length      used     unused   attr    fill
----------------------  --------  ---------  --------  --------  ----  --------
  FLASH                 00000000   00040000  00000592  0003fa6e  R  X
  SRAM                  20000000   00008000  000002d4  00007d2c  RW X


SEGMENT ALLOCATION MAP

run origin  load origin   length   init length attrs members
----------  ----------- ---------- ----------- ----- -------
00000000    00000000    00000598   00000598    r-x
  00000000    00000000    0000026c   0000026c    r-- .intvecs
  0000026c    0000026c    00000266   00000266    r-x .text
  000004d8    000004d8    000000c0   000000c0    r-- .cinit
20000000    20000000    000002d4   00000000    rw-
  20000000    20000000    00000200   00000000    rw- .stack
  20000200    20000200    000000d0   00000000    rw- .data
  200002d0    200002d0    00000004   00000000    rw- .bss


SECTION ALLOCATION MAP

 output                                  attributes/
section   page    origin      length       input sections
--------  ----  ----------  ----------   ----------------
.intvecs   0    00000000    0000026c     
                  00000000    0000026c     tm4c123gh6pm_startup_ccs.obj (.intvecs)

.text      0    0000026c    00000266     
                  0000026c    000000ac     main.obj (.text)
                  00000318    0000009c     rtsv7M4_T_le_v4SPD16_eabi.lib : memcpy_t2.asm.obj (.text)
                  000003b4    00000068                                   : copy_decompress_lzss.c.obj (.text:decompress:lzss:__TI_decompress_lzss)
                  0000041c    00000044                                   : autoinit.c.obj (.text:__TI_auto_init_nobinit_nopinit:__TI_auto_init_nobinit_nopinit)
                  00000460    00000034                                   : boot_cortex_m.c.obj (.text:_c_int00_noargs:_c_int00_noargs)
                  00000494    0000001c                                   : copy_zero_init.c.obj (.text:decompress:ZI:__TI_zero_init_nomemset:__TI_zero_init_nomemset)
                  000004b0    0000000e                                   : copy_decompress_none.c.obj (.text:decompress:none:__TI_decompress_none)
                  000004be    0000000c     tm4c123gh6pm_startup_ccs.obj (.text)
                  000004ca    00000004     rtsv7M4_T_le_v4SPD16_eabi.lib : pre_init.c.obj (.text:_system_pre_init)
                  000004ce    00000004                                   : exit.c.obj (.text:abort:abort)

.cinit     0    000004d8    000000c0     
                  000004d8    00000097     (.cinit..data.load) [load image, compression = lzss]
                  0000056f    00000001     --HOLE-- [fill = 0]
                  00000570    0000000c     (__TI_handler_table)
                  0000057c    00000004     --HOLE-- [fill = 0]
                  00000580    00000008     (.cinit..bss.load) [load image, compression = zero_init]
                  00000588    00000010     (__TI_cinit_table)

.init_array 
*          0    00000000    00000000     UNINITIALIZED

.data      0    20000200    000000d0     UNINITIALIZED
                  20000200    000000c8     main.obj (.data:D)
                  200002c8    00000008     main.obj (.data)

.bss       0    200002d0    00000004     UNINITIALIZED
                  200002d0    00000004     (.common:i)

.stack     0    20000000    00000200     UNINITIALIZED
                  20000000    00000004     rtsv7M4_T_le_v4SPD16_eabi.lib : boot_cortex_m.c.obj (.stack)
                  20000004    000001fc     --HOLE--

__llvm_prf_cnts 
*          0    20000000    00000000     UNINITIALIZED

MODULE SUMMARY

       Module                         code   ro data   rw data
       ------                         ----   -------   -------
    .\
       tm4c123gh6pm_startup_ccs.obj   12     620       0      
       main.obj                       172    0         212    
    +--+------------------------------+------+---------+---------+
       Total:                         184    620       212    
                                                              
    C:\ti\ccs1020\ccs\tools\compiler\ti-cgt-arm_20.2.2.LTS\lib\rtsv7M4_T_le_v4SPD16_eabi.lib
       memcpy_t2.asm.obj              156    0         0      
       copy_decompress_lzss.c.obj     104    0         0      
       autoinit.c.obj                 68     0         0      
       boot_cortex_m.c.obj            52     0         0      
       copy_zero_init.c.obj           28     0         0      
       copy_decompress_none.c.obj     14     0         0      
       exit.c.obj                     4      0         0      
       pre_init.c.obj                 4      0         0      
    +--+------------------------------+------+---------+---------+
       Total:                         430    0         0      
                                                              
       Stack:                         0      0         512    
       Linker Generated:              0      187       0      
    +--+------------------------------+------+---------+---------+
       Grand Total:                   614    807       724    


LINKER GENERATED COPY TABLES

__TI_cinit_table @ 00000588 records: 2, size/record: 8, table size: 16
	.data: load addr=000004d8, load size=00000097 bytes, run addr=20000200, run size=000000d0 bytes, compression=lzss
	.bss: load addr=00000580, load size=00000008 bytes, run addr=200002d0, run size=00000004 bytes, compression=zero_init


LINKER GENERATED HANDLER TABLE

__TI_handler_table @ 00000570 records: 3, size/record: 4, table size: 12
	index: 0, handler: __TI_decompress_lzss
	index: 1, handler: __TI_decompress_none
	index: 2, handler: __TI_zero_init


GLOBAL SYMBOLS: SORTED ALPHABETICALLY BY Name 

address   name                          
-------   ----                          
000004cf  C$$EXIT                       
20000200  D                             
000004bf  ResetISR                      
20000200  __STACK_END                   
00000200  __STACK_SIZE                  
20000200  __STACK_TOP                   
00000588  __TI_CINIT_Base               
00000598  __TI_CINIT_Limit              
00000570  __TI_Handler_Table_Base       
0000057c  __TI_Handler_Table_Limit      
0000041d  __TI_auto_init_nobinit_nopinit
000003b5  __TI_decompress_lzss          
000004b1  __TI_decompress_none          
ffffffff  __TI_pprof_out_hndl           
ffffffff  __TI_prof_data_size           
ffffffff  __TI_prof_data_start          
00000000  __TI_static_base__            
00000495  __TI_zero_init_nomemset       
00000319  __aeabi_memcpy                
00000319  __aeabi_memcpy4               
00000319  __aeabi_memcpy8               
ffffffff  __binit__                     
ffffffff  __c_args__                    
UNDEFED   __mpu_init                    
20000000  __stack                       
20000000  __start___llvm_prf_cnts       
20000000  __stop___llvm_prf_cnts        
00000461  _c_int00_noargs               
UNDEFED   _system_post_cinit            
000004cb  _system_pre_init              
000004cf  abort                         
ffffffff  binit                         
00000000  g_pfnVectors                  
200002d0  i                             
0000026d  main                          
200002c8  max                           
00000319  memcpy                        
200002cc  second_max                    


GLOBAL SYMBOLS: SORTED BY Symbol Address 

address   name                          
-------   ----                          
00000000  __TI_static_base__            
00000000  g_pfnVectors                  
00000200  __STACK_SIZE                  
0000026d  main                          
00000319  __aeabi_memcpy                
00000319  __aeabi_memcpy4               
00000319  __aeabi_memcpy8               
00000319  memcpy                        
000003b5  __TI_decompress_lzss          
0000041d  __TI_auto_init_nobinit_nopinit
00000461  _c_int00_noargs               
00000495  __TI_zero_init_nomemset       
000004b1  __TI_decompress_none          
000004bf  ResetISR                      
000004cb  _system_pre_init              
000004cf  C$$EXIT                       
000004cf  abort                         
00000570  __TI_Handler_Table_Base       
0000057c  __TI_Handler_Table_Limit      
00000588  __TI_CINIT_Base               
00000598  __TI_CINIT_Limit              
20000000  __stack                       
20000000  __start___llvm_prf_cnts       
20000000  __stop___llvm_prf_cnts        
20000200  D                             
20000200  __STACK_END                   
20000200  __STACK_TOP                   
200002c8  max                           
200002cc  second_max                    
200002d0  i                             
ffffffff  __TI_pprof_out_hndl           
ffffffff  __TI_prof_data_size           
ffffffff  __TI_prof_data_start          
ffffffff  __binit__                     
ffffffff  __c_args__                    
ffffffff  binit                         
UNDEFED   __mpu_init                    
UNDEFED   _system_post_cinit            

[38 symbols]
