******************************************************************************
                  TI ARM Linker PC v20.2.2                     
******************************************************************************
>> Linked Wed Feb 10 15:10:12 2021

OUTPUT FILE NAME:   <Patel_Lab_3_P3.out>
ENTRY POINT SYMBOL: "_c_int00_noinit_noargs"  address: 00000641


MEMORY CONFIGURATION

         name            origin    length      used     unused   attr    fill
----------------------  --------  ---------  --------  --------  ----  --------
  FLASH                 00000000   00040000  000006c2  0003f93e  R  X
  SRAM                  20000000   00008000  00000200  00007e00  RW X


SEGMENT ALLOCATION MAP

run origin  load origin   length   init length attrs members
----------  ----------- ---------- ----------- ----- -------
00000000    00000000    000006c2   000006c2    r-x
  00000000    00000000    0000026c   0000026c    r-- .intvecs
  0000026c    0000026c    00000456   00000456    r-x .text
20000000    20000000    00000200   00000000    rw-
  20000000    20000000    00000200   00000000    rw- .stack


SECTION ALLOCATION MAP

 output                                  attributes/
section   page    origin      length       input sections
--------  ----  ----------  ----------   ----------------
.intvecs   0    00000000    0000026c     
                  00000000    0000026c     tm4c123gh6pm_startup_ccs.obj (.intvecs)

.text      0    0000026c    00000456     
                  0000026c    0000016c     driverlib.lib : gpio.obj (.text:GPIOPadConfigSet)
                  000003d8    00000114     main.obj (.text)
                  000004ec    000000f4     driverlib.lib : sysctl.obj (.text:SysCtlClockSet)
                  000005e0    00000034                   : sysctl.obj (.text:SysCtlPeripheralEnable)
                  00000614    0000002c                   : gpio.obj (.text:GPIODirModeSet)
                  00000640    0000002c     rtsv7M4_T_le_v4SPD16_eabi.lib : boot_cortex_m.c.obj (.text:_c_int00_noinit_noargs:_c_int00_noinit_noargs)
                  0000066c    0000001a     driverlib.lib : gpio.obj (.text:GPIOPinTypeGPIOOutput)
                  00000686    00000016                   : gpio.obj (.text:GPIOPinTypeGPIOInput)
                  0000069c    0000000c     tm4c123gh6pm_startup_ccs.obj (.text)
                  000006a8    00000006     driverlib.lib : gpio.obj (.text:GPIOPinRead)
                  000006ae    00000006                   : gpio.obj (.text:GPIOPinWrite)
                  000006b4    00000006                   : sysctl.obj (.text:SysCtlDelay)
                  000006ba    00000004     rtsv7M4_T_le_v4SPD16_eabi.lib : pre_init.c.obj (.text:_system_pre_init)
                  000006be    00000004                                   : exit.c.obj (.text:abort:abort)

.cinit     0    00000000    00000000     UNINITIALIZED

.init_array 
*          0    00000000    00000000     UNINITIALIZED

.stack     0    20000000    00000200     UNINITIALIZED
                  20000000    00000004     rtsv7M4_T_le_v4SPD16_eabi.lib : boot_cortex_m.c.obj (.stack)
                  20000004    000001fc     --HOLE--

__llvm_prf_cnts 
*          0    20000000    00000000     UNINITIALIZED

MODULE SUMMARY

       Module                         code   ro data   rw data
       ------                         ----   -------   -------
    .\
       tm4c123gh6pm_startup_ccs.obj   12     620       0      
       main.obj                       276    0         0      
    +--+------------------------------+------+---------+---------+
       Total:                         288    620       0      
                                                              
    C:/ti/TivaWare_C_Series-2.2.0.295/driverlib/ccs/Debug/driverlib.lib
       gpio.obj                       468    0         0      
       sysctl.obj                     302    0         0      
    +--+------------------------------+------+---------+---------+
       Total:                         770    0         0      
                                                              
    C:\ti\ccs1020\ccs\tools\compiler\ti-cgt-arm_20.2.2.LTS\lib\rtsv7M4_T_le_v4SPD16_eabi.lib
       boot_cortex_m.c.obj            44     0         0      
       exit.c.obj                     4      0         0      
       pre_init.c.obj                 4      0         0      
    +--+------------------------------+------+---------+---------+
       Total:                         52     0         0      
                                                              
       Stack:                         0      0         512    
    +--+------------------------------+------+---------+---------+
       Grand Total:                   1110   620       512    


GLOBAL SYMBOLS: SORTED ALPHABETICALLY BY Name 

address   name                   
-------   ----                   
000006bf  C$$EXIT                
00000615  GPIODirModeSet         
0000026d  GPIOPadConfigSet       
000006a9  GPIOPinRead            
00000687  GPIOPinTypeGPIOInput   
0000066d  GPIOPinTypeGPIOOutput  
000006af  GPIOPinWrite           
0000069d  ResetISR               
000004ed  SysCtlClockSet         
000006b5  SysCtlDelay            
000005e1  SysCtlPeripheralEnable 
20000200  __STACK_END            
00000200  __STACK_SIZE           
20000200  __STACK_TOP            
ffffffff  __TI_pprof_out_hndl    
ffffffff  __TI_prof_data_size    
ffffffff  __TI_prof_data_start   
00000000  __TI_static_base__     
ffffffff  __binit__              
ffffffff  __c_args__             
UNDEFED   __mpu_init             
20000000  __stack                
20000000  __start___llvm_prf_cnts
20000000  __stop___llvm_prf_cnts 
00000641  _c_int00_noinit_noargs 
000006bb  _system_pre_init       
000006bf  abort                  
ffffffff  binit                  
00000000  g_pfnVectors           
000003d9  main                   


GLOBAL SYMBOLS: SORTED BY Symbol Address 

address   name                   
-------   ----                   
00000000  __TI_static_base__     
00000000  g_pfnVectors           
00000200  __STACK_SIZE           
0000026d  GPIOPadConfigSet       
000003d9  main                   
000004ed  SysCtlClockSet         
000005e1  SysCtlPeripheralEnable 
00000615  GPIODirModeSet         
00000641  _c_int00_noinit_noargs 
0000066d  GPIOPinTypeGPIOOutput  
00000687  GPIOPinTypeGPIOInput   
0000069d  ResetISR               
000006a9  GPIOPinRead            
000006af  GPIOPinWrite           
000006b5  SysCtlDelay            
000006bb  _system_pre_init       
000006bf  C$$EXIT                
000006bf  abort                  
20000000  __stack                
20000000  __start___llvm_prf_cnts
20000000  __stop___llvm_prf_cnts 
20000200  __STACK_END            
20000200  __STACK_TOP            
ffffffff  __TI_pprof_out_hndl    
ffffffff  __TI_prof_data_size    
ffffffff  __TI_prof_data_start   
ffffffff  __binit__              
ffffffff  __c_args__             
ffffffff  binit                  
UNDEFED   __mpu_init             

[30 symbols]
