******************************************************************************
                  TI ARM Linker PC v20.2.2                     
******************************************************************************
>> Linked Sat Jan 30 15:20:20 2021

OUTPUT FILE NAME:   <Patel_Lab_1_P3.out>
ENTRY POINT SYMBOL: "_c_int00_noargs"  address: 00000449


MEMORY CONFIGURATION

         name            origin    length      used     unused   attr    fill
----------------------  --------  ---------  --------  --------  ----  --------
  FLASH                 00000000   00040000  000004f2  0003fb0e  R  X
  SRAM                  20000000   00008000  00000218  00007de8  RW X


SEGMENT ALLOCATION MAP

run origin  load origin   length   init length attrs members
----------  ----------- ---------- ----------- ----- -------
00000000    00000000    000004f8   000004f8    r-x
  00000000    00000000    0000026c   0000026c    r-- .intvecs
  0000026c    0000026c    0000024e   0000024e    r-x .text
  000004c0    000004c0    00000038   00000038    r-- .cinit
20000000    20000000    00000218   00000000    rw-
  20000000    20000000    00000200   00000000    rw- .stack
  20000200    20000200    00000010   00000000    rw- .bss
  20000210    20000210    00000008   00000000    rw- .data


SECTION ALLOCATION MAP

 output                                  attributes/
section   page    origin      length       input sections
--------  ----  ----------  ----------   ----------------
.intvecs   0    00000000    0000026c     
                  00000000    0000026c     tm4c123gh6pm_startup_ccs.obj (.intvecs)

.text      0    0000026c    0000024e     
                  0000026c    0000009c     rtsv7M4_T_le_v4SPD16_eabi.lib : memcpy_t2.asm.obj (.text)
                  00000308    00000094     main.obj (.text)
                  0000039c    00000068     rtsv7M4_T_le_v4SPD16_eabi.lib : copy_decompress_lzss.c.obj (.text:decompress:lzss:__TI_decompress_lzss)
                  00000404    00000044                                   : autoinit.c.obj (.text:__TI_auto_init_nobinit_nopinit:__TI_auto_init_nobinit_nopinit)
                  00000448    00000034                                   : boot_cortex_m.c.obj (.text:_c_int00_noargs:_c_int00_noargs)
                  0000047c    0000001c                                   : copy_zero_init.c.obj (.text:decompress:ZI:__TI_zero_init_nomemset:__TI_zero_init_nomemset)
                  00000498    0000000e                                   : copy_decompress_none.c.obj (.text:decompress:none:__TI_decompress_none)
                  000004a6    0000000c     tm4c123gh6pm_startup_ccs.obj (.text)
                  000004b2    00000004     rtsv7M4_T_le_v4SPD16_eabi.lib : pre_init.c.obj (.text:_system_pre_init)
                  000004b6    00000004                                   : exit.c.obj (.text:abort:abort)

.cinit     0    000004c0    00000038     
                  000004c0    0000000d     (.cinit..data.load) [load image, compression = lzss]
                  000004cd    00000003     --HOLE-- [fill = 0]
                  000004d0    0000000c     (__TI_handler_table)
                  000004dc    00000004     --HOLE-- [fill = 0]
                  000004e0    00000008     (.cinit..bss.load) [load image, compression = zero_init]
                  000004e8    00000010     (__TI_cinit_table)

.init_array 
*          0    00000000    00000000     UNINITIALIZED

.bss       0    20000200    00000010     UNINITIALIZED
                  20000200    00000004     (.common:i)
                  20000204    00000004     (.common:n)
                  20000208    00000004     (.common:result)
                  2000020c    00000004     (.common:z)

.data      0    20000210    00000008     UNINITIALIZED
                  20000210    00000008     main.obj (.data)

.stack     0    20000000    00000200     UNINITIALIZED
                  20000000    00000004     rtsv7M4_T_le_v4SPD16_eabi.lib : boot_cortex_m.c.obj (.stack)
                  20000004    000001fc     --HOLE--

__llvm_prf_cnts 
*          0    20000000    00000000     UNINITIALIZED

MODULE SUMMARY

       Module                         code   ro data   rw data
       ------                         ----   -------   -------
    .\
       tm4c123gh6pm_startup_ccs.obj   12     620       0      
       main.obj                       148    0         24     
    +--+------------------------------+------+---------+---------+
       Total:                         160    620       24     
                                                              
    C:\ti\ccs1020\ccs\tools\compiler\ti-cgt-arm_20.2.2.LTS\lib\rtsv7M4_T_le_v4SPD16_eabi.lib
       memcpy_t2.asm.obj              156    0         0      
       copy_decompress_lzss.c.obj     104    0         0      
       autoinit.c.obj                 68     0         0      
       boot_cortex_m.c.obj            52     0         0      
       copy_zero_init.c.obj           28     0         0      
       copy_decompress_none.c.obj     14     0         0      
       exit.c.obj                     4      0         0      
       pre_init.c.obj                 4      0         0      
    +--+------------------------------+------+---------+---------+
       Total:                         430    0         0      
                                                              
       Stack:                         0      0         512    
       Linker Generated:              0      49        0      
    +--+------------------------------+------+---------+---------+
       Grand Total:                   590    669       536    


LINKER GENERATED COPY TABLES

__TI_cinit_table @ 000004e8 records: 2, size/record: 8, table size: 16
	.data: load addr=000004c0, load size=0000000d bytes, run addr=20000210, run size=00000008 bytes, compression=lzss
	.bss: load addr=000004e0, load size=00000008 bytes, run addr=20000200, run size=00000010 bytes, compression=zero_init


LINKER GENERATED HANDLER TABLE

__TI_handler_table @ 000004d0 records: 3, size/record: 4, table size: 12
	index: 0, handler: __TI_decompress_lzss
	index: 1, handler: __TI_decompress_none
	index: 2, handler: __TI_zero_init


GLOBAL SYMBOLS: SORTED ALPHABETICALLY BY Name 

address   name                          
-------   ----                          
000004b7  C$$EXIT                       
000004a7  ResetISR                      
20000200  __STACK_END                   
00000200  __STACK_SIZE                  
20000200  __STACK_TOP                   
000004e8  __TI_CINIT_Base               
000004f8  __TI_CINIT_Limit              
000004d0  __TI_Handler_Table_Base       
000004dc  __TI_Handler_Table_Limit      
00000405  __TI_auto_init_nobinit_nopinit
0000039d  __TI_decompress_lzss          
00000499  __TI_decompress_none          
ffffffff  __TI_pprof_out_hndl           
ffffffff  __TI_prof_data_size           
ffffffff  __TI_prof_data_start          
00000000  __TI_static_base__            
0000047d  __TI_zero_init_nomemset       
0000026d  __aeabi_memcpy                
0000026d  __aeabi_memcpy4               
0000026d  __aeabi_memcpy8               
ffffffff  __binit__                     
ffffffff  __c_args__                    
UNDEFED   __mpu_init                    
20000000  __stack                       
20000000  __start___llvm_prf_cnts       
20000000  __stop___llvm_prf_cnts        
00000449  _c_int00_noargs               
UNDEFED   _system_post_cinit            
000004b3  _system_pre_init              
000004b7  abort                         
ffffffff  binit                         
00000309  factorial                     
00000000  g_pfnVectors                  
20000200  i                             
00000369  main                          
0000026d  memcpy                        
20000204  n                             
20000208  result                        
20000210  x                             
20000214  y                             
2000020c  z                             


GLOBAL SYMBOLS: SORTED BY Symbol Address 

address   name                          
-------   ----                          
00000000  __TI_static_base__            
00000000  g_pfnVectors                  
00000200  __STACK_SIZE                  
0000026d  __aeabi_memcpy                
0000026d  __aeabi_memcpy4               
0000026d  __aeabi_memcpy8               
0000026d  memcpy                        
00000309  factorial                     
00000369  main                          
0000039d  __TI_decompress_lzss          
00000405  __TI_auto_init_nobinit_nopinit
00000449  _c_int00_noargs               
0000047d  __TI_zero_init_nomemset       
00000499  __TI_decompress_none          
000004a7  ResetISR                      
000004b3  _system_pre_init              
000004b7  C$$EXIT                       
000004b7  abort                         
000004d0  __TI_Handler_Table_Base       
000004dc  __TI_Handler_Table_Limit      
000004e8  __TI_CINIT_Base               
000004f8  __TI_CINIT_Limit              
20000000  __stack                       
20000000  __start___llvm_prf_cnts       
20000000  __stop___llvm_prf_cnts        
20000200  __STACK_END                   
20000200  __STACK_TOP                   
20000200  i                             
20000204  n                             
20000208  result                        
2000020c  z                             
20000210  x                             
20000214  y                             
ffffffff  __TI_pprof_out_hndl           
ffffffff  __TI_prof_data_size           
ffffffff  __TI_prof_data_start          
ffffffff  __binit__                     
ffffffff  __c_args__                    
ffffffff  binit                         
UNDEFED   __mpu_init                    
UNDEFED   _system_post_cinit            

[41 symbols]
