******************************************************************************
                  TI ARM Linker PC v20.2.2                     
******************************************************************************
>> Linked Tue Mar  2 08:13:08 2021

OUTPUT FILE NAME:   <Patel_Lab_4_P2.out>
ENTRY POINT SYMBOL: "_c_int00_noargs"  address: 00000929


MEMORY CONFIGURATION

         name            origin    length      used     unused   attr    fill
----------------------  --------  ---------  --------  --------  ----  --------
  FLASH                 00000000   00040000  00000c48  0003f3b8  R  X
  SRAM                  20000000   00008000  00000471  00007b8f  RW X


SEGMENT ALLOCATION MAP

run origin  load origin   length   init length attrs members
----------  ----------- ---------- ----------- ----- -------
00000000    00000000    00000c48   00000c48    r-x
  00000000    00000000    0000026c   0000026c    r-- .intvecs
  0000026c    0000026c    000007f0   000007f0    r-x .text
  00000a5c    00000a5c    000001ac   000001ac    r-- .const
  00000c08    00000c08    00000040   00000040    r-- .cinit
20000000    20000000    00000471   00000000    rw-
  20000000    20000000    0000026c   00000000    rw- .vtable
  2000026c    2000026c    00000004   00000000    rw- .bss
  20000270    20000270    00000200   00000000    rw- .stack
  20000470    20000470    00000001   00000000    rw- .data


SECTION ALLOCATION MAP

 output                                  attributes/
section   page    origin      length       input sections
--------  ----  ----------  ----------   ----------------
.intvecs   0    00000000    0000026c     
                  00000000    0000026c     tm4c123gh6pm_startup_ccs.obj (.intvecs)

.text      0    0000026c    000007f0     
                  0000026c    000001a8     main.obj (.text)
                  00000414    0000016c     driverlib.lib : gpio.obj (.text:GPIOPadConfigSet)
                  00000580    000000f4                   : sysctl.obj (.text:SysCtlClockSet)
                  00000674    0000009c     rtsv7M4_T_le_v4SPD16_eabi.lib : memcpy_t2.asm.obj (.text)
                  00000710    00000068     driverlib.lib : interrupt.obj (.text:IntEnable)
                  00000778    00000068     rtsv7M4_T_le_v4SPD16_eabi.lib : copy_decompress_lzss.c.obj (.text:decompress:lzss:__TI_decompress_lzss)
                  000007e0    00000058     driverlib.lib : gpio.obj (.text:GPIOIntTypeSet)
                  00000838    00000044                   : gpio.obj (.text:_GPIOIntNumberGet)
                  0000087c    00000044     rtsv7M4_T_le_v4SPD16_eabi.lib : autoinit.c.obj (.text:__TI_auto_init_nobinit_nopinit:__TI_auto_init_nobinit_nopinit)
                  000008c0    00000034     driverlib.lib : interrupt.obj (.text:IntRegister)
                  000008f4    00000034                   : sysctl.obj (.text:SysCtlPeripheralEnable)
                  00000928    00000034     rtsv7M4_T_le_v4SPD16_eabi.lib : boot_cortex_m.c.obj (.text:_c_int00_noargs:_c_int00_noargs)
                  0000095c    0000002c     driverlib.lib : gpio.obj (.text:GPIODirModeSet)
                  00000988    0000001c     rtsv7M4_T_le_v4SPD16_eabi.lib : copy_zero_init.c.obj (.text:decompress:ZI:__TI_zero_init_nomemset:__TI_zero_init_nomemset)
                  000009a4    0000001a     driverlib.lib : gpio.obj (.text:GPIOPinTypeGPIOOutput)
                  000009be    00000018                   : gpio.obj (.text:GPIOIntRegister)
                  000009d6    00000016                   : gpio.obj (.text:GPIOPinTypeGPIOInput)
                  000009ec    00000010                   : interrupt.obj (.text:IntMasterEnable)
                  000009fc    0000000e                   : gpio.obj (.text:GPIOIntStatus)
                  00000a0a    0000000e     rtsv7M4_T_le_v4SPD16_eabi.lib : copy_decompress_none.c.obj (.text:decompress:none:__TI_decompress_none)
                  00000a18    0000000c     driverlib.lib : cpu.obj (.text:CPUcpsie)
                  00000a24    0000000c                   : gpio.obj (.text:GPIOIntEnable)
                  00000a30    0000000c     tm4c123gh6pm_startup_ccs.obj (.text)
                  00000a3c    00000006     driverlib.lib : gpio.obj (.text:GPIOIntClear)
                  00000a42    00000006                   : gpio.obj (.text:GPIOPinRead)
                  00000a48    00000006                   : gpio.obj (.text:GPIOPinWrite)
                  00000a4e    00000006                   : sysctl.obj (.text:SysCtlDelay)
                  00000a54    00000004     rtsv7M4_T_le_v4SPD16_eabi.lib : pre_init.c.obj (.text:_system_pre_init)
                  00000a58    00000004                                   : exit.c.obj (.text:abort:abort)

.const     0    00000a5c    000001ac     
                  00000a5c    000000d8     driverlib.lib : gpio.obj (.const:g_ppui32GPIOIntMapSnowflake)
                  00000b34    000000c0                   : gpio.obj (.const:g_ppui32GPIOIntMapBlizzard)
                  00000bf4    00000014                   : interrupt.obj (.const:g_pui32EnRegs)

.cinit     0    00000c08    00000040     
                  00000c08    0000000c     (__TI_handler_table)
                  00000c14    00000004     --HOLE-- [fill = 0]
                  00000c18    00000008     (.cinit..bss.load) [load image, compression = zero_init]
                  00000c20    00000008     (.cinit..vtable.load) [load image, compression = zero_init]
                  00000c28    00000005     (.cinit..data.load) [load image, compression = lzss]
                  00000c2d    00000003     --HOLE-- [fill = 0]
                  00000c30    00000018     (__TI_cinit_table)

.init_array 
*          0    00000000    00000000     UNINITIALIZED

.vtable    0    20000000    0000026c     UNINITIALIZED
                  20000000    0000026c     driverlib.lib : interrupt.obj (.vtable)

.bss       0    2000026c    00000004     UNINITIALIZED
                  2000026c    00000004     (.common:i)

.data      0    20000470    00000001     UNINITIALIZED
                  20000470    00000001     main.obj (.data)

.stack     0    20000270    00000200     UNINITIALIZED
                  20000270    00000004     rtsv7M4_T_le_v4SPD16_eabi.lib : boot_cortex_m.c.obj (.stack)
                  20000274    000001fc     --HOLE--

__llvm_prf_cnts 
*          0    20000000    00000000     UNINITIALIZED

MODULE SUMMARY

       Module                         code   ro data   rw data
       ------                         ----   -------   -------
    .\
       tm4c123gh6pm_startup_ccs.obj   12     620       0      
       main.obj                       424    0         5      
    +--+------------------------------+------+---------+---------+
       Total:                         436    620       5      
                                                              
    C:/ti/TivaWare_C_Series-2.2.0.295/driverlib/ccs/Debug/driverlib.lib
       gpio.obj                       680    408       0      
       interrupt.obj                  172    20        620    
       sysctl.obj                     302    0         0      
       cpu.obj                        12     0         0      
    +--+------------------------------+------+---------+---------+
       Total:                         1166   428       620    
                                                              
    C:\ti\ccs1020\ccs\tools\compiler\ti-cgt-arm_20.2.2.LTS\lib\rtsv7M4_T_le_v4SPD16_eabi.lib
       memcpy_t2.asm.obj              156    0         0      
       copy_decompress_lzss.c.obj     104    0         0      
       autoinit.c.obj                 68     0         0      
       boot_cortex_m.c.obj            52     0         0      
       copy_zero_init.c.obj           28     0         0      
       copy_decompress_none.c.obj     14     0         0      
       exit.c.obj                     4      0         0      
       pre_init.c.obj                 4      0         0      
    +--+------------------------------+------+---------+---------+
       Total:                         430    0         0      
                                                              
       Stack:                         0      0         512    
       Linker Generated:              0      57        0      
    +--+------------------------------+------+---------+---------+
       Grand Total:                   2032   1105      1137   


LINKER GENERATED COPY TABLES

__TI_cinit_table @ 00000c30 records: 3, size/record: 8, table size: 24
	.bss: load addr=00000c18, load size=00000008 bytes, run addr=2000026c, run size=00000004 bytes, compression=zero_init
	.vtable: load addr=00000c20, load size=00000008 bytes, run addr=20000000, run size=0000026c bytes, compression=zero_init
	.data: load addr=00000c28, load size=00000005 bytes, run addr=20000470, run size=00000001 bytes, compression=lzss


LINKER GENERATED HANDLER TABLE

__TI_handler_table @ 00000c08 records: 3, size/record: 4, table size: 12
	index: 0, handler: __TI_zero_init
	index: 1, handler: __TI_decompress_lzss
	index: 2, handler: __TI_decompress_none


GLOBAL SYMBOLS: SORTED ALPHABETICALLY BY Name 

address   name                          
-------   ----                          
00000a59  C$$EXIT                       
00000a19  CPUcpsie                      
0000095d  GPIODirModeSet                
00000a3d  GPIOIntClear                  
00000a25  GPIOIntEnable                 
000009bf  GPIOIntRegister               
000009fd  GPIOIntStatus                 
000007e1  GPIOIntTypeSet                
00000415  GPIOPadConfigSet              
00000a43  GPIOPinRead                   
000009d7  GPIOPinTypeGPIOInput          
000009a5  GPIOPinTypeGPIOOutput         
00000a49  GPIOPinWrite                  
0000026d  GPIO_IRQHandler               
00000711  IntEnable                     
000009ed  IntMasterEnable               
000008c1  IntRegister                   
00000a31  ResetISR                      
00000581  SysCtlClockSet                
00000a4f  SysCtlDelay                   
000008f5  SysCtlPeripheralEnable        
20000470  __STACK_END                   
00000200  __STACK_SIZE                  
20000470  __STACK_TOP                   
00000c30  __TI_CINIT_Base               
00000c48  __TI_CINIT_Limit              
00000c08  __TI_Handler_Table_Base       
00000c14  __TI_Handler_Table_Limit      
0000087d  __TI_auto_init_nobinit_nopinit
00000779  __TI_decompress_lzss          
00000a0b  __TI_decompress_none          
ffffffff  __TI_pprof_out_hndl           
ffffffff  __TI_prof_data_size           
ffffffff  __TI_prof_data_start          
00000000  __TI_static_base__            
00000989  __TI_zero_init_nomemset       
00000675  __aeabi_memcpy                
00000675  __aeabi_memcpy4               
00000675  __aeabi_memcpy8               
ffffffff  __binit__                     
ffffffff  __c_args__                    
UNDEFED   __mpu_init                    
20000270  __stack                       
20000000  __start___llvm_prf_cnts       
20000000  __stop___llvm_prf_cnts        
00000929  _c_int00_noargs               
UNDEFED   _system_post_cinit            
00000a55  _system_pre_init              
00000a59  abort                         
ffffffff  binit                         
000002bb  configure_LEDs                
000002f1  configure_PF_Int              
20000000  g_pfnRAMVectors               
00000000  g_pfnVectors                  
2000026c  i                             
20000470  isr_flag_1                    
00000319  main                          
00000675  memcpy                        


GLOBAL SYMBOLS: SORTED BY Symbol Address 

address   name                          
-------   ----                          
00000000  __TI_static_base__            
00000000  g_pfnVectors                  
00000200  __STACK_SIZE                  
0000026d  GPIO_IRQHandler               
000002bb  configure_LEDs                
000002f1  configure_PF_Int              
00000319  main                          
00000415  GPIOPadConfigSet              
00000581  SysCtlClockSet                
00000675  __aeabi_memcpy                
00000675  __aeabi_memcpy4               
00000675  __aeabi_memcpy8               
00000675  memcpy                        
00000711  IntEnable                     
00000779  __TI_decompress_lzss          
000007e1  GPIOIntTypeSet                
0000087d  __TI_auto_init_nobinit_nopinit
000008c1  IntRegister                   
000008f5  SysCtlPeripheralEnable        
00000929  _c_int00_noargs               
0000095d  GPIODirModeSet                
00000989  __TI_zero_init_nomemset       
000009a5  GPIOPinTypeGPIOOutput         
000009bf  GPIOIntRegister               
000009d7  GPIOPinTypeGPIOInput          
000009ed  IntMasterEnable               
000009fd  GPIOIntStatus                 
00000a0b  __TI_decompress_none          
00000a19  CPUcpsie                      
00000a25  GPIOIntEnable                 
00000a31  ResetISR                      
00000a3d  GPIOIntClear                  
00000a43  GPIOPinRead                   
00000a49  GPIOPinWrite                  
00000a4f  SysCtlDelay                   
00000a55  _system_pre_init              
00000a59  C$$EXIT                       
00000a59  abort                         
00000c08  __TI_Handler_Table_Base       
00000c14  __TI_Handler_Table_Limit      
00000c30  __TI_CINIT_Base               
00000c48  __TI_CINIT_Limit              
20000000  __start___llvm_prf_cnts       
20000000  __stop___llvm_prf_cnts        
20000000  g_pfnRAMVectors               
2000026c  i                             
20000270  __stack                       
20000470  __STACK_END                   
20000470  __STACK_TOP                   
20000470  isr_flag_1                    
ffffffff  __TI_pprof_out_hndl           
ffffffff  __TI_prof_data_size           
ffffffff  __TI_prof_data_start          
ffffffff  __binit__                     
ffffffff  __c_args__                    
ffffffff  binit                         
UNDEFED   __mpu_init                    
UNDEFED   _system_post_cinit            

[58 symbols]
