******************************************************************************
                  TI ARM Linker PC v20.2.2                     
******************************************************************************
>> Linked Wed Feb 10 14:58:09 2021

OUTPUT FILE NAME:   <Patel_Lab_3_P1.out>
ENTRY POINT SYMBOL: "_c_int00_noargs"  address: 00000715


MEMORY CONFIGURATION

         name            origin    length      used     unused   attr    fill
----------------------  --------  ---------  --------  --------  ----  --------
  FLASH                 00000000   00040000  00000828  0003f7d8  R  X
  SRAM                  20000000   00008000  00000230  00007dd0  RW X


SEGMENT ALLOCATION MAP

run origin  load origin   length   init length attrs members
----------  ----------- ---------- ----------- ----- -------
00000000    00000000    00000828   00000828    r-x
  00000000    00000000    0000026c   0000026c    r-- .intvecs
  0000026c    0000026c    0000056c   0000056c    r-x .text
  000007d8    000007d8    00000050   00000050    r-- .cinit
20000000    20000000    00000230   00000000    rw-
  20000000    20000000    00000200   00000000    rw- .stack
  20000200    20000200    00000024   00000000    rw- .data
  20000224    20000224    0000000c   00000000    rw- .bss


SECTION ALLOCATION MAP

 output                                  attributes/
section   page    origin      length       input sections
--------  ----  ----------  ----------   ----------------
.intvecs   0    00000000    0000026c     
                  00000000    0000026c     tm4c123gh6pm_startup_ccs.obj (.intvecs)

.text      0    0000026c    0000056c     
                  0000026c    0000016c     driverlib.lib : gpio.obj (.text:GPIOPadConfigSet)
                  000003d8    000000f4                   : sysctl.obj (.text:SysCtlClockSet)
                  000004cc    000000cc     main.obj (.text)
                  00000598    0000009c     rtsv7M4_T_le_v4SPD16_eabi.lib : memcpy_t2.asm.obj (.text)
                  00000634    00000068                                   : copy_decompress_lzss.c.obj (.text:decompress:lzss:__TI_decompress_lzss)
                  0000069c    00000044                                   : autoinit.c.obj (.text:__TI_auto_init_nobinit_nopinit:__TI_auto_init_nobinit_nopinit)
                  000006e0    00000034     driverlib.lib : sysctl.obj (.text:SysCtlPeripheralEnable)
                  00000714    00000034     rtsv7M4_T_le_v4SPD16_eabi.lib : boot_cortex_m.c.obj (.text:_c_int00_noargs:_c_int00_noargs)
                  00000748    0000002c     driverlib.lib : gpio.obj (.text:GPIODirModeSet)
                  00000774    0000001c     rtsv7M4_T_le_v4SPD16_eabi.lib : copy_zero_init.c.obj (.text:decompress:ZI:__TI_zero_init_nomemset:__TI_zero_init_nomemset)
                  00000790    0000001a     driverlib.lib : gpio.obj (.text:GPIOPinTypeGPIOOutput)
                  000007aa    0000000e     rtsv7M4_T_le_v4SPD16_eabi.lib : copy_decompress_none.c.obj (.text:decompress:none:__TI_decompress_none)
                  000007b8    0000000c     tm4c123gh6pm_startup_ccs.obj (.text)
                  000007c4    00000006     driverlib.lib : gpio.obj (.text:GPIOPinWrite)
                  000007ca    00000006                   : sysctl.obj (.text:SysCtlDelay)
                  000007d0    00000004     rtsv7M4_T_le_v4SPD16_eabi.lib : pre_init.c.obj (.text:_system_pre_init)
                  000007d4    00000004                                   : exit.c.obj (.text:abort:abort)

.cinit     0    000007d8    00000050     
                  000007d8    00000029     (.cinit..data.load) [load image, compression = lzss]
                  00000801    00000003     --HOLE-- [fill = 0]
                  00000804    0000000c     (__TI_handler_table)
                  00000810    00000008     (.cinit..bss.load) [load image, compression = zero_init]
                  00000818    00000010     (__TI_cinit_table)

.init_array 
*          0    00000000    00000000     UNINITIALIZED

.data      0    20000200    00000024     UNINITIALIZED
                  20000200    0000001f     main.obj (.data:msg)
                  2000021f    00000001     --HOLE--
                  20000220    00000004     main.obj (.data)

.bss       0    20000224    0000000c     UNINITIALIZED
                  20000224    00000004     (.common:countB)
                  20000228    00000004     (.common:countG)
                  2000022c    00000004     (.common:countR)

.stack     0    20000000    00000200     UNINITIALIZED
                  20000000    00000004     rtsv7M4_T_le_v4SPD16_eabi.lib : boot_cortex_m.c.obj (.stack)
                  20000004    000001fc     --HOLE--

__llvm_prf_cnts 
*          0    20000000    00000000     UNINITIALIZED

MODULE SUMMARY

       Module                         code   ro data   rw data
       ------                         ----   -------   -------
    .\
       tm4c123gh6pm_startup_ccs.obj   12     620       0      
       main.obj                       204    0         47     
    +--+------------------------------+------+---------+---------+
       Total:                         216    620       47     
                                                              
    C:/ti/TivaWare_C_Series-2.2.0.295/driverlib/ccs/Debug/driverlib.lib
       gpio.obj                       440    0         0      
       sysctl.obj                     302    0         0      
    +--+------------------------------+------+---------+---------+
       Total:                         742    0         0      
                                                              
    C:\ti\ccs1020\ccs\tools\compiler\ti-cgt-arm_20.2.2.LTS\lib\rtsv7M4_T_le_v4SPD16_eabi.lib
       memcpy_t2.asm.obj              156    0         0      
       copy_decompress_lzss.c.obj     104    0         0      
       autoinit.c.obj                 68     0         0      
       boot_cortex_m.c.obj            52     0         0      
       copy_zero_init.c.obj           28     0         0      
       copy_decompress_none.c.obj     14     0         0      
       exit.c.obj                     4      0         0      
       pre_init.c.obj                 4      0         0      
    +--+------------------------------+------+---------+---------+
       Total:                         430    0         0      
                                                              
       Stack:                         0      0         512    
       Linker Generated:              0      77        0      
    +--+------------------------------+------+---------+---------+
       Grand Total:                   1388   697       559    


LINKER GENERATED COPY TABLES

__TI_cinit_table @ 00000818 records: 2, size/record: 8, table size: 16
	.data: load addr=000007d8, load size=00000029 bytes, run addr=20000200, run size=00000024 bytes, compression=lzss
	.bss: load addr=00000810, load size=00000008 bytes, run addr=20000224, run size=0000000c bytes, compression=zero_init


LINKER GENERATED HANDLER TABLE

__TI_handler_table @ 00000804 records: 3, size/record: 4, table size: 12
	index: 0, handler: __TI_decompress_lzss
	index: 1, handler: __TI_decompress_none
	index: 2, handler: __TI_zero_init


GLOBAL SYMBOLS: SORTED ALPHABETICALLY BY Name 

address   name                          
-------   ----                          
000007d5  C$$EXIT                       
00000749  GPIODirModeSet                
0000026d  GPIOPadConfigSet              
00000791  GPIOPinTypeGPIOOutput         
000007c5  GPIOPinWrite                  
000007b9  ResetISR                      
000003d9  SysCtlClockSet                
000007cb  SysCtlDelay                   
000006e1  SysCtlPeripheralEnable        
20000200  __STACK_END                   
00000200  __STACK_SIZE                  
20000200  __STACK_TOP                   
00000818  __TI_CINIT_Base               
00000828  __TI_CINIT_Limit              
00000804  __TI_Handler_Table_Base       
00000810  __TI_Handler_Table_Limit      
0000069d  __TI_auto_init_nobinit_nopinit
00000635  __TI_decompress_lzss          
000007ab  __TI_decompress_none          
ffffffff  __TI_pprof_out_hndl           
ffffffff  __TI_prof_data_size           
ffffffff  __TI_prof_data_start          
00000000  __TI_static_base__            
00000775  __TI_zero_init_nomemset       
00000599  __aeabi_memcpy                
00000599  __aeabi_memcpy4               
00000599  __aeabi_memcpy8               
ffffffff  __binit__                     
ffffffff  __c_args__                    
UNDEFED   __mpu_init                    
20000000  __stack                       
20000000  __start___llvm_prf_cnts       
20000000  __stop___llvm_prf_cnts        
00000715  _c_int00_noargs               
UNDEFED   _system_post_cinit            
000007d1  _system_pre_init              
000007d5  abort                         
ffffffff  binit                         
20000224  countB                        
20000228  countG                        
2000022c  countR                        
00000000  g_pfnVectors                  
20000220  i                             
000004cd  main                          
00000599  memcpy                        
20000200  msg                           


GLOBAL SYMBOLS: SORTED BY Symbol Address 

address   name                          
-------   ----                          
00000000  __TI_static_base__            
00000000  g_pfnVectors                  
00000200  __STACK_SIZE                  
0000026d  GPIOPadConfigSet              
000003d9  SysCtlClockSet                
000004cd  main                          
00000599  __aeabi_memcpy                
00000599  __aeabi_memcpy4               
00000599  __aeabi_memcpy8               
00000599  memcpy                        
00000635  __TI_decompress_lzss          
0000069d  __TI_auto_init_nobinit_nopinit
000006e1  SysCtlPeripheralEnable        
00000715  _c_int00_noargs               
00000749  GPIODirModeSet                
00000775  __TI_zero_init_nomemset       
00000791  GPIOPinTypeGPIOOutput         
000007ab  __TI_decompress_none          
000007b9  ResetISR                      
000007c5  GPIOPinWrite                  
000007cb  SysCtlDelay                   
000007d1  _system_pre_init              
000007d5  C$$EXIT                       
000007d5  abort                         
00000804  __TI_Handler_Table_Base       
00000810  __TI_Handler_Table_Limit      
00000818  __TI_CINIT_Base               
00000828  __TI_CINIT_Limit              
20000000  __stack                       
20000000  __start___llvm_prf_cnts       
20000000  __stop___llvm_prf_cnts        
20000200  __STACK_END                   
20000200  __STACK_TOP                   
20000200  msg                           
20000220  i                             
20000224  countB                        
20000228  countG                        
2000022c  countR                        
ffffffff  __TI_pprof_out_hndl           
ffffffff  __TI_prof_data_size           
ffffffff  __TI_prof_data_start          
ffffffff  __binit__                     
ffffffff  __c_args__                    
ffffffff  binit                         
UNDEFED   __mpu_init                    
UNDEFED   _system_post_cinit            

[46 symbols]
