******************************************************************************
                  TI ARM Linker PC v20.2.2                     
******************************************************************************
>> Linked Tue Mar  2 08:09:08 2021

OUTPUT FILE NAME:   <Patel_Lab_4_P1.out>
ENTRY POINT SYMBOL: "_c_int00_noargs"  address: 000009d1


MEMORY CONFIGURATION

         name            origin    length      used     unused   attr    fill
----------------------  --------  ---------  --------  --------  ----  --------
  FLASH                 00000000   00040000  00000cf0  0003f310  R  X
  SRAM                  20000000   00008000  00000478  00007b88  RW X


SEGMENT ALLOCATION MAP

run origin  load origin   length   init length attrs members
----------  ----------- ---------- ----------- ----- -------
00000000    00000000    00000cf0   00000cf0    r-x
  00000000    00000000    0000026c   0000026c    r-- .intvecs
  0000026c    0000026c    00000898   00000898    r-x .text
  00000b04    00000b04    000001ac   000001ac    r-- .const
  00000cb0    00000cb0    00000040   00000040    r-- .cinit
20000000    20000000    00000478   00000000    rw-
  20000000    20000000    0000026c   00000000    rw- .vtable
  2000026c    2000026c    00000004   00000000    rw- .bss
  20000270    20000270    00000200   00000000    rw- .stack
  20000470    20000470    00000008   00000000    rw- .data


SECTION ALLOCATION MAP

 output                                  attributes/
section   page    origin      length       input sections
--------  ----  ----------  ----------   ----------------
.intvecs   0    00000000    0000026c     
                  00000000    0000026c     tm4c123gh6pm_startup_ccs.obj (.intvecs)

.text      0    0000026c    00000898     
                  0000026c    00000250     main.obj (.text)
                  000004bc    0000016c     driverlib.lib : gpio.obj (.text:GPIOPadConfigSet)
                  00000628    000000f4                   : sysctl.obj (.text:SysCtlClockSet)
                  0000071c    0000009c     rtsv7M4_T_le_v4SPD16_eabi.lib : memcpy_t2.asm.obj (.text)
                  000007b8    00000068     driverlib.lib : interrupt.obj (.text:IntEnable)
                  00000820    00000068     rtsv7M4_T_le_v4SPD16_eabi.lib : copy_decompress_lzss.c.obj (.text:decompress:lzss:__TI_decompress_lzss)
                  00000888    00000058     driverlib.lib : gpio.obj (.text:GPIOIntTypeSet)
                  000008e0    00000044                   : gpio.obj (.text:_GPIOIntNumberGet)
                  00000924    00000044     rtsv7M4_T_le_v4SPD16_eabi.lib : autoinit.c.obj (.text:__TI_auto_init_nobinit_nopinit:__TI_auto_init_nobinit_nopinit)
                  00000968    00000034     driverlib.lib : interrupt.obj (.text:IntRegister)
                  0000099c    00000034                   : sysctl.obj (.text:SysCtlPeripheralEnable)
                  000009d0    00000034     rtsv7M4_T_le_v4SPD16_eabi.lib : boot_cortex_m.c.obj (.text:_c_int00_noargs:_c_int00_noargs)
                  00000a04    0000002c     driverlib.lib : gpio.obj (.text:GPIODirModeSet)
                  00000a30    0000001c     rtsv7M4_T_le_v4SPD16_eabi.lib : copy_zero_init.c.obj (.text:decompress:ZI:__TI_zero_init_nomemset:__TI_zero_init_nomemset)
                  00000a4c    0000001a     driverlib.lib : gpio.obj (.text:GPIOPinTypeGPIOOutput)
                  00000a66    00000018                   : gpio.obj (.text:GPIOIntRegister)
                  00000a7e    00000016                   : gpio.obj (.text:GPIOPinTypeGPIOInput)
                  00000a94    00000010                   : interrupt.obj (.text:IntMasterEnable)
                  00000aa4    0000000e                   : gpio.obj (.text:GPIOIntStatus)
                  00000ab2    0000000e     rtsv7M4_T_le_v4SPD16_eabi.lib : copy_decompress_none.c.obj (.text:decompress:none:__TI_decompress_none)
                  00000ac0    0000000c     driverlib.lib : cpu.obj (.text:CPUcpsie)
                  00000acc    0000000c                   : gpio.obj (.text:GPIOIntEnable)
                  00000ad8    0000000c     tm4c123gh6pm_startup_ccs.obj (.text)
                  00000ae4    00000006     driverlib.lib : gpio.obj (.text:GPIOIntClear)
                  00000aea    00000006                   : gpio.obj (.text:GPIOPinRead)
                  00000af0    00000006                   : gpio.obj (.text:GPIOPinWrite)
                  00000af6    00000006                   : sysctl.obj (.text:SysCtlDelay)
                  00000afc    00000004     rtsv7M4_T_le_v4SPD16_eabi.lib : pre_init.c.obj (.text:_system_pre_init)
                  00000b00    00000004                                   : exit.c.obj (.text:abort:abort)

.const     0    00000b04    000001ac     
                  00000b04    000000d8     driverlib.lib : gpio.obj (.const:g_ppui32GPIOIntMapSnowflake)
                  00000bdc    000000c0                   : gpio.obj (.const:g_ppui32GPIOIntMapBlizzard)
                  00000c9c    00000014                   : interrupt.obj (.const:g_pui32EnRegs)

.cinit     0    00000cb0    00000040     
                  00000cb0    0000000c     (__TI_handler_table)
                  00000cbc    0000000b     (.cinit..data.load) [load image, compression = lzss]
                  00000cc7    00000001     --HOLE-- [fill = 0]
                  00000cc8    00000008     (.cinit..bss.load) [load image, compression = zero_init]
                  00000cd0    00000008     (.cinit..vtable.load) [load image, compression = zero_init]
                  00000cd8    00000018     (__TI_cinit_table)

.init_array 
*          0    00000000    00000000     UNINITIALIZED

.vtable    0    20000000    0000026c     UNINITIALIZED
                  20000000    0000026c     driverlib.lib : interrupt.obj (.vtable)

.bss       0    2000026c    00000004     UNINITIALIZED
                  2000026c    00000004     (.common:i)

.data      0    20000470    00000008     UNINITIALIZED
                  20000470    00000008     main.obj (.data)

.stack     0    20000270    00000200     UNINITIALIZED
                  20000270    00000004     rtsv7M4_T_le_v4SPD16_eabi.lib : boot_cortex_m.c.obj (.stack)
                  20000274    000001fc     --HOLE--

__llvm_prf_cnts 
*          0    20000000    00000000     UNINITIALIZED

MODULE SUMMARY

       Module                         code   ro data   rw data
       ------                         ----   -------   -------
    .\
       tm4c123gh6pm_startup_ccs.obj   12     620       0      
       main.obj                       592    0         12     
    +--+------------------------------+------+---------+---------+
       Total:                         604    620       12     
                                                              
    C:/ti/TivaWare_C_Series-2.2.0.295/driverlib/ccs/Debug/driverlib.lib
       gpio.obj                       680    408       0      
       interrupt.obj                  172    20        620    
       sysctl.obj                     302    0         0      
       cpu.obj                        12     0         0      
    +--+------------------------------+------+---------+---------+
       Total:                         1166   428       620    
                                                              
    C:\ti\ccs1020\ccs\tools\compiler\ti-cgt-arm_20.2.2.LTS\lib\rtsv7M4_T_le_v4SPD16_eabi.lib
       memcpy_t2.asm.obj              156    0         0      
       copy_decompress_lzss.c.obj     104    0         0      
       autoinit.c.obj                 68     0         0      
       boot_cortex_m.c.obj            52     0         0      
       copy_zero_init.c.obj           28     0         0      
       copy_decompress_none.c.obj     14     0         0      
       exit.c.obj                     4      0         0      
       pre_init.c.obj                 4      0         0      
    +--+------------------------------+------+---------+---------+
       Total:                         430    0         0      
                                                              
       Stack:                         0      0         512    
       Linker Generated:              0      63        0      
    +--+------------------------------+------+---------+---------+
       Grand Total:                   2200   1111      1144   


LINKER GENERATED COPY TABLES

__TI_cinit_table @ 00000cd8 records: 3, size/record: 8, table size: 24
	.data: load addr=00000cbc, load size=0000000b bytes, run addr=20000470, run size=00000008 bytes, compression=lzss
	.bss: load addr=00000cc8, load size=00000008 bytes, run addr=2000026c, run size=00000004 bytes, compression=zero_init
	.vtable: load addr=00000cd0, load size=00000008 bytes, run addr=20000000, run size=0000026c bytes, compression=zero_init


LINKER GENERATED HANDLER TABLE

__TI_handler_table @ 00000cb0 records: 3, size/record: 4, table size: 12
	index: 0, handler: __TI_zero_init
	index: 1, handler: __TI_decompress_lzss
	index: 2, handler: __TI_decompress_none


GLOBAL SYMBOLS: SORTED ALPHABETICALLY BY Name 

address   name                          
-------   ----                          
00000b01  C$$EXIT                       
00000ac1  CPUcpsie                      
00000a05  GPIODirModeSet                
00000ae5  GPIOIntClear                  
00000acd  GPIOIntEnable                 
00000a67  GPIOIntRegister               
00000aa5  GPIOIntStatus                 
00000889  GPIOIntTypeSet                
000004bd  GPIOPadConfigSet              
00000aeb  GPIOPinRead                   
00000a7f  GPIOPinTypeGPIOInput          
00000a4d  GPIOPinTypeGPIOOutput         
00000af1  GPIOPinWrite                  
0000026d  GPIO_IRQHandler               
000007b9  IntEnable                     
00000a95  IntMasterEnable               
00000969  IntRegister                   
00000ad9  ResetISR                      
00000629  SysCtlClockSet                
00000af7  SysCtlDelay                   
0000099d  SysCtlPeripheralEnable        
20000470  __STACK_END                   
00000200  __STACK_SIZE                  
20000470  __STACK_TOP                   
00000cd8  __TI_CINIT_Base               
00000cf0  __TI_CINIT_Limit              
00000cb0  __TI_Handler_Table_Base       
00000cbc  __TI_Handler_Table_Limit      
00000925  __TI_auto_init_nobinit_nopinit
00000821  __TI_decompress_lzss          
00000ab3  __TI_decompress_none          
ffffffff  __TI_pprof_out_hndl           
ffffffff  __TI_prof_data_size           
ffffffff  __TI_prof_data_start          
00000000  __TI_static_base__            
00000a31  __TI_zero_init_nomemset       
0000071d  __aeabi_memcpy                
0000071d  __aeabi_memcpy4               
0000071d  __aeabi_memcpy8               
ffffffff  __binit__                     
ffffffff  __c_args__                    
UNDEFED   __mpu_init                    
20000270  __stack                       
20000000  __start___llvm_prf_cnts       
20000000  __stop___llvm_prf_cnts        
000009d1  _c_int00_noargs               
UNDEFED   _system_post_cinit            
00000afd  _system_pre_init              
00000b01  abort                         
ffffffff  binit                         
00000305  configure_LEDs                
00000365  configure_PF_Int              
20000474  count                         
20000000  g_pfnRAMVectors               
00000000  g_pfnVectors                  
2000026c  i                             
20000470  isr_flag_1                    
20000471  isr_flag_2                    
0000039f  main                          
0000071d  memcpy                        


GLOBAL SYMBOLS: SORTED BY Symbol Address 

address   name                          
-------   ----                          
00000000  __TI_static_base__            
00000000  g_pfnVectors                  
00000200  __STACK_SIZE                  
0000026d  GPIO_IRQHandler               
00000305  configure_LEDs                
00000365  configure_PF_Int              
0000039f  main                          
000004bd  GPIOPadConfigSet              
00000629  SysCtlClockSet                
0000071d  __aeabi_memcpy                
0000071d  __aeabi_memcpy4               
0000071d  __aeabi_memcpy8               
0000071d  memcpy                        
000007b9  IntEnable                     
00000821  __TI_decompress_lzss          
00000889  GPIOIntTypeSet                
00000925  __TI_auto_init_nobinit_nopinit
00000969  IntRegister                   
0000099d  SysCtlPeripheralEnable        
000009d1  _c_int00_noargs               
00000a05  GPIODirModeSet                
00000a31  __TI_zero_init_nomemset       
00000a4d  GPIOPinTypeGPIOOutput         
00000a67  GPIOIntRegister               
00000a7f  GPIOPinTypeGPIOInput          
00000a95  IntMasterEnable               
00000aa5  GPIOIntStatus                 
00000ab3  __TI_decompress_none          
00000ac1  CPUcpsie                      
00000acd  GPIOIntEnable                 
00000ad9  ResetISR                      
00000ae5  GPIOIntClear                  
00000aeb  GPIOPinRead                   
00000af1  GPIOPinWrite                  
00000af7  SysCtlDelay                   
00000afd  _system_pre_init              
00000b01  C$$EXIT                       
00000b01  abort                         
00000cb0  __TI_Handler_Table_Base       
00000cbc  __TI_Handler_Table_Limit      
00000cd8  __TI_CINIT_Base               
00000cf0  __TI_CINIT_Limit              
20000000  __start___llvm_prf_cnts       
20000000  __stop___llvm_prf_cnts        
20000000  g_pfnRAMVectors               
2000026c  i                             
20000270  __stack                       
20000470  __STACK_END                   
20000470  __STACK_TOP                   
20000470  isr_flag_1                    
20000471  isr_flag_2                    
20000474  count                         
ffffffff  __TI_pprof_out_hndl           
ffffffff  __TI_prof_data_size           
ffffffff  __TI_prof_data_start          
ffffffff  __binit__                     
ffffffff  __c_args__                    
ffffffff  binit                         
UNDEFED   __mpu_init                    
UNDEFED   _system_post_cinit            

[60 symbols]
