******************************************************************************
                  TI ARM Linker PC v20.2.2                     
******************************************************************************
>> Linked Wed Mar 10 23:31:17 2021

OUTPUT FILE NAME:   <Patel_Lab_5_P2.out>
ENTRY POINT SYMBOL: "_c_int00_noargs"  address: 0000087d


MEMORY CONFIGURATION

         name            origin    length      used     unused   attr    fill
----------------------  --------  ---------  --------  --------  ----  --------
  FLASH                 00000000   00040000  000009f6  0003f60a  R  X
  SRAM                  20000000   00008000  0000046e  00007b92  RW X


SEGMENT ALLOCATION MAP

run origin  load origin   length   init length attrs members
----------  ----------- ---------- ----------- ----- -------
00000000    00000000    000009f8   000009f8    r-x
  00000000    00000000    0000026c   0000026c    r-- .intvecs
  0000026c    0000026c    00000746   00000746    r-x .text
  000009b4    000009b4    00000014   00000014    r-- .const
  000009c8    000009c8    00000030   00000030    r-- .cinit
20000000    20000000    00000470   00000000    rw-
  20000000    20000000    0000026c   00000000    rw- .vtable
  2000026c    2000026c    00000002   00000000    rw- .data
  20000270    20000270    00000200   00000000    rw- .stack


SECTION ALLOCATION MAP

 output                                  attributes/
section   page    origin      length       input sections
--------  ----  ----------  ----------   ----------------
.intvecs   0    00000000    0000026c     
                  00000000    0000026c     tm4c123gh6pm_startup_ccs.obj (.intvecs)

.text      0    0000026c    00000746     
                  0000026c    00000198     main.obj (.text)
                  00000404    0000016c     driverlib.lib : gpio.obj (.text:GPIOPadConfigSet)
                  00000570    000000f4                   : sysctl.obj (.text:SysCtlClockSet)
                  00000664    0000009c     rtsv7M4_T_le_v4SPD16_eabi.lib : memcpy_t2.asm.obj (.text)
                  00000700    00000068     driverlib.lib : interrupt.obj (.text:IntEnable)
                  00000768    00000068     rtsv7M4_T_le_v4SPD16_eabi.lib : copy_decompress_lzss.c.obj (.text:decompress:lzss:__TI_decompress_lzss)
                  000007d0    00000044                                   : autoinit.c.obj (.text:__TI_auto_init_nobinit_nopinit:__TI_auto_init_nobinit_nopinit)
                  00000814    00000034     driverlib.lib : interrupt.obj (.text:IntRegister)
                  00000848    00000034                   : sysctl.obj (.text:SysCtlPeripheralEnable)
                  0000087c    00000034     rtsv7M4_T_le_v4SPD16_eabi.lib : boot_cortex_m.c.obj (.text:_c_int00_noargs:_c_int00_noargs)
                  000008b0    0000002c     driverlib.lib : gpio.obj (.text:GPIODirModeSet)
                  000008dc    00000026                   : comp.obj (.text:ComparatorIntRegister)
                  00000902    0000001c     rtsv7M4_T_le_v4SPD16_eabi.lib : copy_zero_init.c.obj (.text:decompress:ZI:__TI_zero_init_nomemset:__TI_zero_init_nomemset)
                  0000091e    0000001a     driverlib.lib : gpio.obj (.text:GPIOPinTypeGPIOOutput)
                  00000938    00000010                   : interrupt.obj (.text:IntMasterEnable)
                  00000948    0000000e                   : comp.obj (.text:ComparatorIntEnable)
                  00000956    0000000e     rtsv7M4_T_le_v4SPD16_eabi.lib : copy_decompress_none.c.obj (.text:decompress:none:__TI_decompress_none)
                  00000964    0000000c     driverlib.lib : cpu.obj (.text:CPUcpsie)
                  00000970    0000000c                   : comp.obj (.text:ComparatorValueGet)
                  0000097c    0000000c     tm4c123gh6pm_startup_ccs.obj (.text)
                  00000988    0000000a     driverlib.lib : comp.obj (.text:ComparatorIntClear)
                  00000992    00000008                   : comp.obj (.text:ComparatorConfigure)
                  0000099a    00000006                   : gpio.obj (.text:GPIOPinWrite)
                  000009a0    00000006                   : sysctl.obj (.text:SysCtlDelay)
                  000009a6    00000004                   : comp.obj (.text:ComparatorRefSet)
                  000009aa    00000004     rtsv7M4_T_le_v4SPD16_eabi.lib : pre_init.c.obj (.text:_system_pre_init)
                  000009ae    00000004                                   : exit.c.obj (.text:abort:abort)

.const     0    000009b4    00000014     
                  000009b4    00000014     driverlib.lib : interrupt.obj (.const:g_pui32EnRegs)

.cinit     0    000009c8    00000030     
                  000009c8    0000000c     (__TI_handler_table)
                  000009d4    00000004     --HOLE-- [fill = 0]
                  000009d8    00000008     (.cinit..vtable.load) [load image, compression = zero_init]
                  000009e0    00000006     (.cinit..data.load) [load image, compression = lzss]
                  000009e6    00000002     --HOLE-- [fill = 0]
                  000009e8    00000010     (__TI_cinit_table)

.init_array 
*          0    00000000    00000000     UNINITIALIZED

.vtable    0    20000000    0000026c     UNINITIALIZED
                  20000000    0000026c     driverlib.lib : interrupt.obj (.vtable)

.data      0    2000026c    00000002     UNINITIALIZED
                  2000026c    00000002     main.obj (.data)

.stack     0    20000270    00000200     UNINITIALIZED
                  20000270    00000004     rtsv7M4_T_le_v4SPD16_eabi.lib : boot_cortex_m.c.obj (.stack)
                  20000274    000001fc     --HOLE--

__llvm_prf_cnts 
*          0    20000000    00000000     UNINITIALIZED

MODULE SUMMARY

       Module                         code   ro data   rw data
       ------                         ----   -------   -------
    .\
       tm4c123gh6pm_startup_ccs.obj   12     620       0      
       main.obj                       408    0         2      
    +--+------------------------------+------+---------+---------+
       Total:                         420    620       2      
                                                              
    C:/ti/TivaWare_C_Series-2.2.0.295/driverlib/ccs/Debug/driverlib.lib
       interrupt.obj                  172    20        620    
       gpio.obj                       440    0         0      
       sysctl.obj                     302    0         0      
       comp.obj                       86     0         0      
       cpu.obj                        12     0         0      
    +--+------------------------------+------+---------+---------+
       Total:                         1012   20        620    
                                                              
    C:\ti\ccs1020\ccs\tools\compiler\ti-cgt-arm_20.2.2.LTS\lib\rtsv7M4_T_le_v4SPD16_eabi.lib
       memcpy_t2.asm.obj              156    0         0      
       copy_decompress_lzss.c.obj     104    0         0      
       autoinit.c.obj                 68     0         0      
       boot_cortex_m.c.obj            52     0         0      
       copy_zero_init.c.obj           28     0         0      
       copy_decompress_none.c.obj     14     0         0      
       exit.c.obj                     4      0         0      
       pre_init.c.obj                 4      0         0      
    +--+------------------------------+------+---------+---------+
       Total:                         430    0         0      
                                                              
       Stack:                         0      0         512    
       Linker Generated:              0      42        0      
    +--+------------------------------+------+---------+---------+
       Grand Total:                   1862   682       1134   


LINKER GENERATED COPY TABLES

__TI_cinit_table @ 000009e8 records: 2, size/record: 8, table size: 16
	.vtable: load addr=000009d8, load size=00000008 bytes, run addr=20000000, run size=0000026c bytes, compression=zero_init
	.data: load addr=000009e0, load size=00000006 bytes, run addr=2000026c, run size=00000002 bytes, compression=lzss


LINKER GENERATED HANDLER TABLE

__TI_handler_table @ 000009c8 records: 3, size/record: 4, table size: 12
	index: 0, handler: __TI_zero_init
	index: 1, handler: __TI_decompress_lzss
	index: 2, handler: __TI_decompress_none


GLOBAL SYMBOLS: SORTED ALPHABETICALLY BY Name 

address   name                          
-------   ----                          
000009af  C$$EXIT                       
00000965  CPUcpsie                      
00000993  ComparatorConfigure           
00000989  ComparatorIntClear            
00000949  ComparatorIntEnable           
000008dd  ComparatorIntRegister         
000009a7  ComparatorRefSet              
00000971  ComparatorValueGet            
000008b1  GPIODirModeSet                
00000405  GPIOPadConfigSet              
0000091f  GPIOPinTypeGPIOOutput         
0000099b  GPIOPinWrite                  
00000701  IntEnable                     
00000939  IntMasterEnable               
00000815  IntRegister                   
0000097d  ResetISR                      
00000571  SysCtlClockSet                
000009a1  SysCtlDelay                   
00000849  SysCtlPeripheralEnable        
20000470  __STACK_END                   
00000200  __STACK_SIZE                  
20000470  __STACK_TOP                   
000009e8  __TI_CINIT_Base               
000009f8  __TI_CINIT_Limit              
000009c8  __TI_Handler_Table_Base       
000009d4  __TI_Handler_Table_Limit      
000007d1  __TI_auto_init_nobinit_nopinit
00000769  __TI_decompress_lzss          
00000957  __TI_decompress_none          
ffffffff  __TI_pprof_out_hndl           
ffffffff  __TI_prof_data_size           
ffffffff  __TI_prof_data_start          
00000000  __TI_static_base__            
00000903  __TI_zero_init_nomemset       
00000665  __aeabi_memcpy                
00000665  __aeabi_memcpy4               
00000665  __aeabi_memcpy8               
ffffffff  __binit__                     
ffffffff  __c_args__                    
UNDEFED   __mpu_init                    
20000270  __stack                       
20000000  __start___llvm_prf_cnts       
20000000  __stop___llvm_prf_cnts        
0000087d  _c_int00_noargs               
UNDEFED   _system_post_cinit            
000009ab  _system_pre_init              
000009af  abort                         
2000026d  batt                          
ffffffff  binit                         
0000026d  comp0inthandler               
000002b7  comp1inthandler               
20000000  g_pfnRAMVectors               
00000000  g_pfnVectors                  
0000030d  int_config                    
00000339  main                          
00000665  memcpy                        
2000026c  solp                          


GLOBAL SYMBOLS: SORTED BY Symbol Address 

address   name                          
-------   ----                          
00000000  __TI_static_base__            
00000000  g_pfnVectors                  
00000200  __STACK_SIZE                  
0000026d  comp0inthandler               
000002b7  comp1inthandler               
0000030d  int_config                    
00000339  main                          
00000405  GPIOPadConfigSet              
00000571  SysCtlClockSet                
00000665  __aeabi_memcpy                
00000665  __aeabi_memcpy4               
00000665  __aeabi_memcpy8               
00000665  memcpy                        
00000701  IntEnable                     
00000769  __TI_decompress_lzss          
000007d1  __TI_auto_init_nobinit_nopinit
00000815  IntRegister                   
00000849  SysCtlPeripheralEnable        
0000087d  _c_int00_noargs               
000008b1  GPIODirModeSet                
000008dd  ComparatorIntRegister         
00000903  __TI_zero_init_nomemset       
0000091f  GPIOPinTypeGPIOOutput         
00000939  IntMasterEnable               
00000949  ComparatorIntEnable           
00000957  __TI_decompress_none          
00000965  CPUcpsie                      
00000971  ComparatorValueGet            
0000097d  ResetISR                      
00000989  ComparatorIntClear            
00000993  ComparatorConfigure           
0000099b  GPIOPinWrite                  
000009a1  SysCtlDelay                   
000009a7  ComparatorRefSet              
000009ab  _system_pre_init              
000009af  C$$EXIT                       
000009af  abort                         
000009c8  __TI_Handler_Table_Base       
000009d4  __TI_Handler_Table_Limit      
000009e8  __TI_CINIT_Base               
000009f8  __TI_CINIT_Limit              
20000000  __start___llvm_prf_cnts       
20000000  __stop___llvm_prf_cnts        
20000000  g_pfnRAMVectors               
2000026c  solp                          
2000026d  batt                          
20000270  __stack                       
20000470  __STACK_END                   
20000470  __STACK_TOP                   
ffffffff  __TI_pprof_out_hndl           
ffffffff  __TI_prof_data_size           
ffffffff  __TI_prof_data_start          
ffffffff  __binit__                     
ffffffff  __c_args__                    
ffffffff  binit                         
UNDEFED   __mpu_init                    
UNDEFED   _system_post_cinit            

[57 symbols]
