******************************************************************************
                  TI ARM Linker PC v20.2.2                     
******************************************************************************
>> Linked Sat Jan 30 14:13:55 2021

OUTPUT FILE NAME:   <Patel_Lab_1_P2.out>
ENTRY POINT SYMBOL: "_c_int00_noargs"  address: 00001a0d


MEMORY CONFIGURATION

         name            origin    length      used     unused   attr    fill
----------------------  --------  ---------  --------  --------  ----  --------
  FLASH                 00000000   00040000  00001c58  0003e3a8  R  X
  SRAM                  20000000   00008000  00000d50  000072b0  RW X


SEGMENT ALLOCATION MAP

run origin  load origin   length   init length attrs members
----------  ----------- ---------- ----------- ----- -------
00000000    00000000    00001c58   00001c58    r-x
  00000000    00000000    0000026c   0000026c    r-- .intvecs
  0000026c    0000026c    00001864   00001864    r-x .text
  00001ad0    00001ad0    00000158   00000158    r-- .const
  00001c28    00001c28    00000030   00000030    r-- .cinit
20000000    20000000    00000d50   00000000    rw-
  20000000    20000000    00000b4c   00000000    rw- .data
  20000b4c    20000b4c    00000004   00000000    rw- .bss
  20000b50    20000b50    00000200   00000000    rw- .stack


SECTION ALLOCATION MAP

 output                                  attributes/
section   page    origin      length       input sections
--------  ----  ----------  ----------   ----------------
.intvecs   0    00000000    0000026c     
                  00000000    0000026c     tm4c123gh6pm_startup_ccs.obj (.intvecs)

.text      0    0000026c    00001864     
                  0000026c    00000738     rtsv7M4_T_le_v4SPD16_eabi.lib : k_rem_pio2.c.obj (.text:__kernel_rem_pio2)
                  000009a4    000005dc                                   : s_cos.c.obj (.text:cos)
                  00000f80    000001b6                                   : fd_add_t2.asm.obj (.text)
                  00001136    00000002     --HOLE-- [fill = 0]
                  00001138    00000174                                   : k_sin.c.obj (.text:__kernel_sin)
                  000012ac    0000016c                                   : k_cos.c.obj (.text:__kernel_cos)
                  00001418    00000110                                   : s_scalbn.c.obj (.text:scalbn)
                  00001528    000000fc                                   : fd_mul_t2.asm.obj (.text)
                  00001624    000000f8                                   : s_floor.c.obj (.text:floor)
                  0000171c    0000009c                                   : memcpy_t2.asm.obj (.text)
                  000017b8    00000086                                   : fd_cmp_t2.asm.obj (.text:__aeabi_cdcmple)
                  0000183e    00000086                                   : fd_cmp_t2.asm.obj (.text:__aeabi_cdrcmple)
                  000018c4    00000068                                   : copy_decompress_lzss.c.obj (.text:decompress:lzss:__TI_decompress_lzss)
                  0000192c    00000054     main.obj (.text)
                  00001980    00000048     rtsv7M4_T_le_v4SPD16_eabi.lib : fd_toi_t2.asm.obj (.text)
                  000019c8    00000044                                   : autoinit.c.obj (.text:__TI_auto_init_nobinit_nopinit:__TI_auto_init_nobinit_nopinit)
                  00001a0c    00000034                                   : boot_cortex_m.c.obj (.text:_c_int00_noargs:_c_int00_noargs)
                  00001a40    0000002e                                   : i_tofd_t2.asm.obj (.text)
                  00001a6e    0000001c                                   : copy_zero_init.c.obj (.text:decompress:ZI:__TI_zero_init_nomemset:__TI_zero_init_nomemset)
                  00001a8a    0000001a                                   : s_copysign.c.obj (.text:copysign)
                  00001aa4    0000000e                                   : copy_decompress_none.c.obj (.text:decompress:none:__TI_decompress_none)
                  00001ab2    0000000c     tm4c123gh6pm_startup_ccs.obj (.text)
                  00001abe    00000002     --HOLE-- [fill = 0]
                  00001ac0    00000008     rtsv7M4_T_le_v4SPD16_eabi.lib : errno.c.obj (.text:__aeabi_errno_addr)
                  00001ac8    00000004                                   : pre_init.c.obj (.text:_system_pre_init)
                  00001acc    00000004                                   : exit.c.obj (.text:abort:abort)

.const     0    00001ad0    00000158     
                  00001ad0    00000158     rtsv7M4_T_le_v4SPD16_eabi.lib : k_rem_pio2.c.obj (.const:$O1$$)

.cinit     0    00001c28    00000030     
                  00001c28    0000000c     (__TI_handler_table)
                  00001c34    00000009     (.cinit..data.load) [load image, compression = lzss]
                  00001c3d    00000003     --HOLE-- [fill = 0]
                  00001c40    00000008     (.cinit..bss.load) [load image, compression = zero_init]
                  00001c48    00000010     (__TI_cinit_table)

.init_array 
*          0    00000000    00000000     UNINITIALIZED

.data      0    20000000    00000b4c     UNINITIALIZED
                  20000000    00000b48     main.obj (.data:y)
                  20000b48    00000004     rtsv7M4_T_le_v4SPD16_eabi.lib : errno.c.obj (.data)

.bss       0    20000b4c    00000004     UNINITIALIZED
                  20000b4c    00000004     (.common:i)

.stack     0    20000b50    00000200     UNINITIALIZED
                  20000b50    00000004     rtsv7M4_T_le_v4SPD16_eabi.lib : boot_cortex_m.c.obj (.stack)
                  20000b54    000001fc     --HOLE--

__llvm_prf_cnts 
*          0    20000000    00000000     UNINITIALIZED

MODULE SUMMARY

       Module                         code   ro data   rw data
       ------                         ----   -------   -------
    .\
       main.obj                       84     0         2892   
       tm4c123gh6pm_startup_ccs.obj   12     620       0      
    +--+------------------------------+------+---------+---------+
       Total:                         96     620       2892   
                                                              
    C:\ti\ccs1020\ccs\tools\compiler\ti-cgt-arm_20.2.2.LTS\lib\rtsv7M4_T_le_v4SPD16_eabi.lib
       k_rem_pio2.c.obj               1848   344       0      
       s_cos.c.obj                    1500   0         0      
       fd_add_t2.asm.obj              438    0         0      
       k_sin.c.obj                    372    0         0      
       k_cos.c.obj                    364    0         0      
       s_scalbn.c.obj                 272    0         0      
       fd_cmp_t2.asm.obj              268    0         0      
       fd_mul_t2.asm.obj              252    0         0      
       s_floor.c.obj                  248    0         0      
       memcpy_t2.asm.obj              156    0         0      
       copy_decompress_lzss.c.obj     104    0         0      
       fd_toi_t2.asm.obj              72     0         0      
       autoinit.c.obj                 68     0         0      
       boot_cortex_m.c.obj            52     0         0      
       i_tofd_t2.asm.obj              46     0         0      
       copy_zero_init.c.obj           28     0         0      
       s_copysign.c.obj               26     0         0      
       copy_decompress_none.c.obj     14     0         0      
       errno.c.obj                    8      0         4      
       exit.c.obj                     4      0         0      
       pre_init.c.obj                 4      0         0      
    +--+------------------------------+------+---------+---------+
       Total:                         6144   344       4      
                                                              
       Stack:                         0      0         512    
       Linker Generated:              0      45        0      
    +--+------------------------------+------+---------+---------+
       Grand Total:                   6240   1009      3408   


LINKER GENERATED COPY TABLES

__TI_cinit_table @ 00001c48 records: 2, size/record: 8, table size: 16
	.data: load addr=00001c34, load size=00000009 bytes, run addr=20000000, run size=00000b4c bytes, compression=lzss
	.bss: load addr=00001c40, load size=00000008 bytes, run addr=20000b4c, run size=00000004 bytes, compression=zero_init


LINKER GENERATED HANDLER TABLE

__TI_handler_table @ 00001c28 records: 3, size/record: 4, table size: 12
	index: 0, handler: __TI_decompress_lzss
	index: 1, handler: __TI_decompress_none
	index: 2, handler: __TI_zero_init


GLOBAL SYMBOLS: SORTED ALPHABETICALLY BY Name 

address   name                          
-------   ----                          
00001acd  C$$EXIT                       
00001ab3  ResetISR                      
20000d50  __STACK_END                   
00000200  __STACK_SIZE                  
20000d50  __STACK_TOP                   
00001c48  __TI_CINIT_Base               
00001c58  __TI_CINIT_Limit              
00001c28  __TI_Handler_Table_Base       
00001c34  __TI_Handler_Table_Limit      
000019c9  __TI_auto_init_nobinit_nopinit
000018c5  __TI_decompress_lzss          
00001aa5  __TI_decompress_none          
ffffffff  __TI_pprof_out_hndl           
ffffffff  __TI_prof_data_size           
ffffffff  __TI_prof_data_start          
00000000  __TI_static_base__            
00001a6f  __TI_zero_init_nomemset       
000017b9  __aeabi_cdcmpeq               
000017b9  __aeabi_cdcmple               
0000183f  __aeabi_cdrcmple              
00001981  __aeabi_d2iz                  
00000f8b  __aeabi_dadd                  
00001529  __aeabi_dmul                  
00000f81  __aeabi_dsub                  
00001ac1  __aeabi_errno_addr            
00001a41  __aeabi_i2d                   
0000171d  __aeabi_memcpy                
0000171d  __aeabi_memcpy4               
0000171d  __aeabi_memcpy8               
ffffffff  __binit__                     
ffffffff  __c_args__                    
000012ad  __kernel_cos                  
0000026d  __kernel_rem_pio2             
00001139  __kernel_sin                  
UNDEFED   __mpu_init                    
20000b50  __stack                       
20000000  __start___llvm_prf_cnts       
20000000  __stop___llvm_prf_cnts        
00001a0d  _c_int00_noargs               
UNDEFED   _system_post_cinit            
00001ac9  _system_pre_init              
00001acd  abort                         
ffffffff  binit                         
00001a8b  copysign                      
00001a8b  copysignl                     
000009a5  cos                           
000009a5  cosl                          
20000b48  errno                         
00001625  floor                         
00001625  floorl                        
00000000  g_pfnVectors                  
20000b4c  i                             
00001419  ldexp                         
00001419  ldexpl                        
0000192d  main                          
0000171d  memcpy                        
00001419  scalbn                        
00001419  scalbnl                       
20000000  y                             


GLOBAL SYMBOLS: SORTED BY Symbol Address 

address   name                          
-------   ----                          
00000000  __TI_static_base__            
00000000  g_pfnVectors                  
00000200  __STACK_SIZE                  
0000026d  __kernel_rem_pio2             
000009a5  cos                           
000009a5  cosl                          
00000f81  __aeabi_dsub                  
00000f8b  __aeabi_dadd                  
00001139  __kernel_sin                  
000012ad  __kernel_cos                  
00001419  ldexp                         
00001419  ldexpl                        
00001419  scalbn                        
00001419  scalbnl                       
00001529  __aeabi_dmul                  
00001625  floor                         
00001625  floorl                        
0000171d  __aeabi_memcpy                
0000171d  __aeabi_memcpy4               
0000171d  __aeabi_memcpy8               
0000171d  memcpy                        
000017b9  __aeabi_cdcmpeq               
000017b9  __aeabi_cdcmple               
0000183f  __aeabi_cdrcmple              
000018c5  __TI_decompress_lzss          
0000192d  main                          
00001981  __aeabi_d2iz                  
000019c9  __TI_auto_init_nobinit_nopinit
00001a0d  _c_int00_noargs               
00001a41  __aeabi_i2d                   
00001a6f  __TI_zero_init_nomemset       
00001a8b  copysign                      
00001a8b  copysignl                     
00001aa5  __TI_decompress_none          
00001ab3  ResetISR                      
00001ac1  __aeabi_errno_addr            
00001ac9  _system_pre_init              
00001acd  C$$EXIT                       
00001acd  abort                         
00001c28  __TI_Handler_Table_Base       
00001c34  __TI_Handler_Table_Limit      
00001c48  __TI_CINIT_Base               
00001c58  __TI_CINIT_Limit              
20000000  __start___llvm_prf_cnts       
20000000  __stop___llvm_prf_cnts        
20000000  y                             
20000b48  errno                         
20000b4c  i                             
20000b50  __stack                       
20000d50  __STACK_END                   
20000d50  __STACK_TOP                   
ffffffff  __TI_pprof_out_hndl           
ffffffff  __TI_prof_data_size           
ffffffff  __TI_prof_data_start          
ffffffff  __binit__                     
ffffffff  __c_args__                    
ffffffff  binit                         
UNDEFED   __mpu_init                    
UNDEFED   _system_post_cinit            

[59 symbols]
